[ScrollEd]
EncryptSave = false
LayerIndex = 4

[Map]
CameraPosition = (-70.4489, -601.12, -4.5)
CameraZoom = 0.999975
Differential = true
LayerNumber = 9
ObjectNumber = 258

[SObj0000]
Name = MushroomSoldierSpecialHuge
Position = (-256, -704, 0)
Scale = (3, 3, 1)
Rotation = 0
Color = (1, 1, 1)
Alpha = 1
Smoothing = false
Tiling = false

[SObj0009]
Name = MushNPCHomingPatrolOnSightReorient
Position = (960, -352, 0)
Scale = (-1, 1, 1)
Rotation = 0
Color = (1, 1, 1)
Alpha = 1
Smoothing = false
Tiling = false

[SObj0012]
Name = MushNPCHomingPatrolOnSightReorient
Position = (1632, -384, 0)
Scale = (-1, 1, 1)
Rotation = 0
Color = (1, 1, 1)
Alpha = 1
Smoothing = false
Tiling = false

[SObj0013]
Name = MushNPCHomingPatrolOnSightReorient
Position = (1504, -160, 0)
Scale = (-1, 1, 1)
Rotation = 0
Color = (1, 1, 1)
Alpha = 1
Smoothing = false
Tiling = false

[SObj0001]
Name = RSlopeGTS
Position = (-192, -640, 0)
Scale = (1, 1, 1)
Rotation = 0
Color = (1, 1, 1)
Alpha = 1
Smoothing = false
Tiling = false

[SObj0002]
Name = RSlopeGTS
Position = (-128, -608, 0)
Scale = (1, 1, 1)
Rotation = 0
Color = (1, 1, 1)
Alpha = 1
Smoothing = false
Tiling = false

[SObj0003]
Name = RSlopeGTS
Position = (-64, -576, 0)
Scale = (1, 1, 1)
Rotation = 0
Color = (1, 1, 1)
Alpha = 1
Smoothing = false
Tiling = false

[SObj0016]
Name = RSlopeGTS
Position = (0, -544, 0)
Scale = (1, 1, 1)
Rotation = 0
Color = (1, 1, 1)
Alpha = 1
Smoothing = false
Tiling = false

[SObj0017]
Name = RSlopeGTS
Position = (64, -512, 0)
Scale = (1, 1, 1)
Rotation = 0
Color = (1, 1, 1)
Alpha = 1
Smoothing = false
Tiling = false

[SObj0018]
Name = RSlopeGTS
Position = (128, -480, 0)
Scale = (1, 1, 1)
Rotation = 0
Color = (1, 1, 1)
Alpha = 1
Smoothing = false
Tiling = false

[SObj0019]
Name = RSlopeGTS
Position = (192, -448, 0)
Scale = (1, 1, 1)
Rotation = 0
Color = (1, 1, 1)
Alpha = 1
Smoothing = false
Tiling = false

[SObj0020]
Name = RSlopeGTS
Position = (256, -416, 0)
Scale = (1, 1, 1)
Rotation = 0
Color = (1, 1, 1)
Alpha = 1
Smoothing = false
Tiling = false

[SObj0021]
Name = RSlopeGTS
Position = (320, -384, 0)
Scale = (1, 1, 1)
Rotation = 0
Color = (1, 1, 1)
Alpha = 1
Smoothing = false
Tiling = false

[SObj0022]
Name = RSlopeGTS
Position = (384, -352, 0)
Scale = (1, 1, 1)
Rotation = 0
Color = (1, 1, 1)
Alpha = 1
Smoothing = false
Tiling = false

[SObj0023]
Name = 2x1GTS
Position = (448, -320, 0)
Scale = (4, 1, 1)
Rotation = 0
Color = (1, 1, 1)
Alpha = 1
Smoothing = false
Tiling = true

[SObj0027]
Name = 2x1GTS
Position = (896, -320, 0)
Scale = (2, 1, 1)
Rotation = 0
Color = (1, 1, 1)
Alpha = 1
Smoothing = false
Tiling = true

[SObj0030]
Name = 2x1GTS
Position = (1216, -320, 0)
Scale = (3, 1, 1)
Rotation = 0
Color = (1, 1, 1)
Alpha = 1
Smoothing = false
Tiling = true

[SObj0033]
Name = 2x1GTS
Position = (1600, -320, 0)
Scale = (1, 1, 1)
Rotation = 0
Color = (1, 1, 1)
Alpha = 1
Smoothing = false
Tiling = false

[SObj0025]
Name = 1x1GTS
Position = (-192, -640, 0)
Scale = (-9, 1, 1)
Rotation = 0
Color = (1, 1, 1)
Alpha = 1
Smoothing = false
Tiling = true

[SObj0026]
Name = Ground1GTS
Position = (-480, -608, 0)
Scale = (9, 1, 1)
Rotation = 0
Color = (1, 1, 1)
Alpha = 1
Smoothing = false
Tiling = true

[SObj0028]
Name = Ground2GTS
Position = (-480, -576, 0)
Scale = (11, 13, 1)
Rotation = 25.1327
Color = (1, 1, 1)
Alpha = 1
Smoothing = false
Tiling = false

[SObj0029]
Name = Ground2GTS
Position = (-128, -288, 0)
Scale = (16, 4, 1)
Rotation = 0
Color = (1, 1, 1)
Alpha = 1
Smoothing = false
Tiling = true

[SObj0031]
Name = Ground2GTS
Position = (352, -320, 0)
Scale = (1, 1, 1)
Rotation = 0
Color = (1, 1, 1)
Alpha = 1
Smoothing = false
Tiling = false

[SObj0032]
Name = Ground2GTS
Position = (-128, -352, 0)
Scale = (14, 1, 1)
Rotation = 0
Color = (1, 1, 1)
Alpha = 1
Smoothing = false
Tiling = true

[SObj0034]
Name = Ground2GTS
Position = (-128, -384, 0)
Scale = (12, 1, 1)
Rotation = 0
Color = (1, 1, 1)
Alpha = 1
Smoothing = false
Tiling = true

[SObj0035]
Name = Ground2GTS
Position = (-128, -416, 0)
Scale = (10, 1, 1)
Rotation = 0
Color = (1, 1, 1)
Alpha = 1
Smoothing = false
Tiling = true

[SObj0036]
Name = Ground2GTS
Position = (-128, -448, 0)
Scale = (8, 1, 1)
Rotation = 0
Color = (1, 1, 1)
Alpha = 1
Smoothing = false
Tiling = false

[SObj0037]
Name = Ground2GTS
Position = (-128, -480, 0)
Scale = (6, 1, 1)
Rotation = 0
Color = (1, 1, 1)
Alpha = 1
Smoothing = false
Tiling = true

[SObj0038]
Name = Ground2GTS
Position = (-128, -512, 0)
Scale = (4, 1, 1)
Rotation = 0
Color = (1, 1, 1)
Alpha = 1
Smoothing = false
Tiling = true

[SObj0039]
Name = Ground2GTS
Position = (-128, -544, 0)
Scale = (2, 1, 1)
Rotation = 0
Color = (1, 1, 1)
Alpha = 1
Smoothing = false
Tiling = true

[SObj0040]
Name = Ground2GTS
Position = (-128, -320, 0)
Scale = (15, 1, 1)
Rotation = 0
Color = (1, 1, 1)
Alpha = 1
Smoothing = false
Tiling = true

[SObj0024]
Name = RUndergroundGTS
Position = (416, -288, 0)
Scale = (1, 1, 1)
Rotation = 0
Color = (1, 1, 1)
Alpha = 1
Smoothing = false
Tiling = false

[SObj0041]
Name = Ground2GTS
Position = (384, -288, 0)
Scale = (1, 1, 1)
Rotation = 0
Color = (1, 1, 1)
Alpha = 1
Smoothing = false
Tiling = false

[SObj0042]
Name = RWallGTS
Position = (384, -256, 0)
Scale = (1, 7, 1)
Rotation = 0
Color = (1, 1, 1)
Alpha = 1
Smoothing = false
Tiling = true

[SObj0045]
Name = 2x1GTS
Position = (1408, -128, 0)
Scale = (3, 1, 1)
Rotation = 0
Color = (1, 1, 1)
Alpha = 1
Smoothing = false
Tiling = true

[SObj0046]
Name = LCornerGTS
Position = (1376, -128, 0)
Scale = (1, 1, 1)
Rotation = 0
Color = (1, 1, 1)
Alpha = 1
Smoothing = false
Tiling = false

[SObj0047]
Name = RCornerGTS
Position = (1600, -128, 0)
Scale = (1, 1, 1)
Rotation = 0
Color = (1, 1, 1)
Alpha = 1
Smoothing = false
Tiling = false

[SObj0048]
Name = RCornerGTS
Position = (1408, -320, 0)
Scale = (1, 1, 1)
Rotation = 0
Color = (1, 1, 1)
Alpha = 1
Smoothing = false
Tiling = false

[SObj0049]
Name = LCornerGTS
Position = (1184, -320, 0)
Scale = (1, 1, 1)
Rotation = 0
Color = (1, 1, 1)
Alpha = 1
Smoothing = false
Tiling = false

[SObj0050]
Name = RCornerGTS
Position = (704, -320, 0)
Scale = (1, 1, 1)
Rotation = 0
Color = (1, 1, 1)
Alpha = 1
Smoothing = false
Tiling = false

[SObj0051]
Name = LCornerGTS
Position = (864, -320, 0)
Scale = (1, 1, 1)
Rotation = 0
Color = (1, 1, 1)
Alpha = 1
Smoothing = false
Tiling = false

[SObj0052]
Name = RCornerGTS
Position = (1024, -320, 0)
Scale = (1, 1, 1)
Rotation = 0
Color = (1, 1, 1)
Alpha = 1
Smoothing = false
Tiling = false

[SObj0053]
Name = 2x1GTS
Position = (1024, -128, 0)
Scale = (3, 1, 1)
Rotation = 0
Color = (1, 1, 1)
Alpha = 1
Smoothing = false
Tiling = true

[SObj0054]
Name = RCornerGTS
Position = (1216, -128, 0)
Scale = (1, 1, 1)
Rotation = 0
Color = (1, 1, 1)
Alpha = 1
Smoothing = false
Tiling = false

[SObj0055]
Name = LCornerGTS
Position = (992, -128, 0)
Scale = (1, 1, 1)
Rotation = 0
Color = (1, 1, 1)
Alpha = 1
Smoothing = false
Tiling = false

[SObj0056]
Name = Ground2GTS
Position = (-480, -160, 0)
Scale = (27, 4, 1)
Rotation = 0
Color = (1, 1, 1)
Alpha = 1
Smoothing = false
Tiling = true

[SObj0004]
Name = MushNPCHomingOnSightReorient
Position = (1120, -160, 0)
Scale = (1, 1, 1)
Rotation = 0
Color = (1, 1, 1)
Alpha = 1
Smoothing = false
Tiling = false

[SObj0005]
Name = 2x1GTS
Position = (1760, -128, 0)
Scale = (3, 1, 1)
Rotation = 0
Color = (1, 1, 1)
Alpha = 1
Smoothing = false
Tiling = true

[SObj0006]
Name = LCornerGTS
Position = (1728, -128, 0)
Scale = (1, 1, 1)
Rotation = 0
Color = (1, 1, 1)
Alpha = 1
Smoothing = false
Tiling = false

[SObj0007]
Name = RCornerGTS
Position = (1952, -128, 0)
Scale = (1, 1, 1)
Rotation = 0
Color = (1, 1, 1)
Alpha = 1
Smoothing = false
Tiling = false

[SObj0008]
Name = MushNPCHomingOnSightReorient
Position = (640, -352, 0)
Scale = (-1, 1, 1)
Rotation = 0
Color = (1, 1, 1)
Alpha = 1
Smoothing = false
Tiling = false

[SObj0010]
Name = LCornerGTS
Position = (1568, -320, 0)
Scale = (1, 1, 1)
Rotation = 0
Color = (1, 1, 1)
Alpha = 1
Smoothing = false
Tiling = false

[SObj0014]
Name = RCornerGTS
Position = (1664, -320, 0)
Scale = (1, 1, 1)
Rotation = 0
Color = (1, 1, 1)
Alpha = 1
Smoothing = false
Tiling = false

[SObj0015]
Name = LSlopeGTS
Position = (2112, -160, 0)
Scale = (1, 1, 1)
Rotation = 0
Color = (1, 1, 1)
Alpha = 1
Smoothing = false
Tiling = false

[SObj0043]
Name = LSlopeGTS
Position = (2176, -192, 0)
Scale = (1, 1, 1)
Rotation = 0
Color = (1, 1, 1)
Alpha = 1
Smoothing = false
Tiling = false

[SObj0044]
Name = LSlopeGTS
Position = (2240, -224, 0)
Scale = (1, 1, 1)
Rotation = 0
Color = (1, 1, 1)
Alpha = 1
Smoothing = false
Tiling = false

[SObj0057]
Name = LSlopeGTS
Position = (2304, -256, 0)
Scale = (1, 1, 1)
Rotation = 0
Color = (1, 1, 1)
Alpha = 1
Smoothing = false
Tiling = false

[SObj0058]
Name = LSlopeGTS
Position = (2368, -288, 0)
Scale = (1, 1, 1)
Rotation = 0
Color = (1, 1, 1)
Alpha = 1
Smoothing = false
Tiling = false

[SObj0059]
Name = LWallGTS
Position = (2112, -96, 0)
Scale = (1, 6, 1)
Rotation = 0
Color = (1, 1, 1)
Alpha = 1
Smoothing = false
Tiling = true

[SObj0060]
Name = LCornerGTS
Position = (2080, -128, 0)
Scale = (1, 1, 1)
Rotation = 0
Color = (1, 1, 1)
Alpha = 1
Smoothing = false
Tiling = false

[SObj0061]
Name = Ground2GTS
Position = (2144, -96, 0)
Scale = (9, 6, 1)
Rotation = 0
Color = (1, 1, 1)
Alpha = 1
Smoothing = false
Tiling = false

[SObj0062]
Name = Ground2GTS
Position = (2176, -128, 0)
Scale = (8, 1, 1)
Rotation = 0
Color = (1, 1, 1)
Alpha = 1
Smoothing = false
Tiling = false

[SObj0063]
Name = Ground2GTS
Position = (2240, -160, 0)
Scale = (6, 1, 1)
Rotation = 0
Color = (1, 1, 1)
Alpha = 1
Smoothing = false
Tiling = false

[SObj0064]
Name = Ground2GTS
Position = (2304, -192, 0)
Scale = (4, 1, 1)
Rotation = 0
Color = (1, 1, 1)
Alpha = 1
Smoothing = false
Tiling = false

[SObj0065]
Name = Ground2GTS
Position = (2368, -224, 0)
Scale = (2, 1, 1)
Rotation = 0
Color = (1, 1, 1)
Alpha = 1
Smoothing = false
Tiling = false

[SObj0066]
Name = Ground2GTS
Position = (2432, -224, 0)
Scale = (22, 10, 1)
Rotation = 0
Color = (1, 1, 1)
Alpha = 1
Smoothing = false
Tiling = false

[SObj0067]
Name = Ground1GTS
Position = (2432, -256, 0)
Scale = (22, 1, 1)
Rotation = 0
Color = (1, 1, 1)
Alpha = 1
Smoothing = false
Tiling = true

[SObj0068]
Name = 1x1GTS
Position = (2432, -288, 0)
Scale = (22, 1, 1)
Rotation = 0
Color = (1, 1, 1)
Alpha = 1
Smoothing = false
Tiling = true

[SObj0070]
Name = MushNPCHomingOnSightReorient
Position = (2816, -320, 0)
Scale = (-1, 1, 1)
Rotation = 0
Color = (1, 1, 1)
Alpha = 1
Smoothing = false
Tiling = false

[SObj0071]
Name = MushNPCHomingOnSightReorient
Position = (2880, -320, 0)
Scale = (-1, 1, 1)
Rotation = 0
Color = (1, 1, 1)
Alpha = 1
Smoothing = false
Tiling = false

[SObj0069]
Name = MushNPCHomingOnSightReorient
Position = (2752, -320, 0)
Scale = (-1, 1, 1)
Rotation = 0
Color = (1, 1, 1)
Alpha = 1
Smoothing = false
Tiling = false

[SObj0077]
Name = MushNPCHomingPatrolOnSightReorient
Position = (3040, -480, 0)
Scale = (1, 1, 1)
Rotation = 0
Color = (1, 1, 1)
Alpha = 1
Smoothing = false
Tiling = false

[SObj0078]
Name = MushNPCHomingPatrolOnSightReorient
Position = (2880, -480, 0)
Scale = (1, 1, 1)
Rotation = 0
Color = (1, 1, 1)
Alpha = 1
Smoothing = false
Tiling = false

[SObj0083]
Name = MushNPCHomingPatrolOnSightReorient
Position = (2752, -640, 0)
Scale = (1, 1, 1)
Rotation = 0
Color = (1, 1, 1)
Alpha = 1
Smoothing = false
Tiling = false

[SObj0074]
Name = 2x1STS
Position = (2560, -608, 0)
Scale = (4, 1, 1)
Rotation = 0
Color = (1, 1, 1)
Alpha = 1
Smoothing = false
Tiling = true

[SObj0075]
Name = RCornerSTS
Position = (2816, -608, 0)
Scale = (1, 1, 1)
Rotation = 0
Color = (1, 1, 1)
Alpha = 1
Smoothing = false
Tiling = false

[SObj0076]
Name = LCornerSTS
Position = (2528, -608, 0)
Scale = (1, 1, 1)
Rotation = 0
Color = (1, 1, 1)
Alpha = 1
Smoothing = false
Tiling = false

[SObj0079]
Name = 2x1STS
Position = (2848, -448, 0)
Scale = (4, 1, 1)
Rotation = 0
Color = (1, 1, 1)
Alpha = 1
Smoothing = false
Tiling = true

[SObj0080]
Name = RCornerSTS
Position = (3104, -448, 0)
Scale = (1, 1, 1)
Rotation = 0
Color = (1, 1, 1)
Alpha = 1
Smoothing = false
Tiling = false

[SObj0085]
Name = LCornerSTS
Position = (2816, -448, 0)
Scale = (1, 1, 1)
Rotation = 0
Color = (1, 1, 1)
Alpha = 1
Smoothing = false
Tiling = false

[SObj0081]
Name = 2x1STS
Position = (2048, -608, 0)
Scale = (4, 1, 1)
Rotation = 0
Color = (1, 1, 1)
Alpha = 1
Smoothing = false
Tiling = true

[SObj0086]
Name = LCornerSTS
Position = (2016, -608, 0)
Scale = (1, 1, 1)
Rotation = 0
Color = (1, 1, 1)
Alpha = 1
Smoothing = false
Tiling = false

[SObj0087]
Name = RCornerSTS
Position = (2304, -608, 0)
Scale = (1, 1, 1)
Rotation = 0
Color = (1, 1, 1)
Alpha = 1
Smoothing = false
Tiling = false

[SObj0091]
Name = MushBoss
Position = (2112, -640, 0)
Scale = (1, 1, 1)
Rotation = 0
Color = (1, 1, 1)
Alpha = 1
Smoothing = false
Tiling = false

[SObj0084]
Name = RandomForest1
Position = (2848, -288, 1)
Scale = (1, 1, 1)
Rotation = 0
Color = (1, 1, 1)
Alpha = 1
Smoothing = false
Tiling = false

[SObj0089]
Name = 2x1STS
Position = (2880, -768, 0)
Scale = (6, 1, 1)
Rotation = 0
Color = (1, 1, 1)
Alpha = 1
Smoothing = false
Tiling = true

[SObj0090]
Name = RCornerSTS
Position = (3264, -768, 0)
Scale = (1, 1, 1)
Rotation = 0
Color = (1, 1, 1)
Alpha = 1
Smoothing = false
Tiling = false

[SObj0092]
Name = LCornerSTS
Position = (2848, -768, 0)
Scale = (1, 1, 1)
Rotation = 0
Color = (1, 1, 1)
Alpha = 1
Smoothing = false
Tiling = false

[SObj0095]
Name = 2x1STS
Position = (3392, -896, 0)
Scale = (4, 1, 1)
Rotation = 0
Color = (1, 1, 1)
Alpha = 1
Smoothing = false
Tiling = true

[SObj0096]
Name = RCornerSTS
Position = (3648, -896, 0)
Scale = (1, 1, 1)
Rotation = 0
Color = (1, 1, 1)
Alpha = 1
Smoothing = false
Tiling = false

[SObj0097]
Name = LCornerSTS
Position = (3360, -896, 0)
Scale = (1, 1, 1)
Rotation = 0
Color = (1, 1, 1)
Alpha = 1
Smoothing = false
Tiling = false

[SObj0098]
Name = 2x1STS
Position = (3744, -1024, 0)
Scale = (4, 1, 1)
Rotation = 0
Color = (1, 1, 1)
Alpha = 1
Smoothing = false
Tiling = true

[SObj0099]
Name = RCornerSTS
Position = (4000, -1024, 0)
Scale = (1, 1, 1)
Rotation = 0
Color = (1, 1, 1)
Alpha = 1
Smoothing = false
Tiling = false

[SObj0100]
Name = LCornerSTS
Position = (3712, -1024, 0)
Scale = (1, 1, 1)
Rotation = 0
Color = (1, 1, 1)
Alpha = 1
Smoothing = false
Tiling = false

[SObj0101]
Name = MushNPCHomingPatrolOnSightReorient
Position = (3424, -928, 0)
Scale = (1, 1, 1)
Rotation = 0
Color = (1, 1, 1)
Alpha = 1
Smoothing = false
Tiling = false

[SObj0102]
Name = MushNPCHomingPatrolOnSightReorient
Position = (3616, -928, 0)
Scale = (1, 1, 1)
Rotation = 0
Color = (1, 1, 1)
Alpha = 1
Smoothing = false
Tiling = false

[SObj0103]
Name = MushNPCHomingPatrolOnSightReorient
Position = (3808, -1056, 0)
Scale = (1, 1, 1)
Rotation = 0
Color = (1, 1, 1)
Alpha = 1
Smoothing = false
Tiling = false

[SObj0104]
Name = MushNPCMiniBoss
Position = (3200, -800, 0)
Scale = (1, 1, 1)
Rotation = 0
Color = (1, 1, 1)
Alpha = 1
Smoothing = false
Tiling = false

[SObj0105]
Name = DWallGTS
Position = (4160, -992, 0)
Scale = (1, 2, 1)
Rotation = 0
Color = (1, 1, 1)
Alpha = 1
Smoothing = false
Tiling = true

[SObj0106]
Name = LSlopeGTS
Position = (4096, -928, 0)
Scale = (1, 1, 1)
Rotation = 0
Color = (1, 1, 1)
Alpha = 1
Smoothing = false
Tiling = false

[SObj0107]
Name = LSlopeGTS
Position = (4032, -896, 0)
Scale = (1, 1, 1)
Rotation = 0
Color = (1, 1, 1)
Alpha = 1
Smoothing = false
Tiling = false

[SObj0108]
Name = LCornerGTS
Position = (4000, -864, 0)
Scale = (1, 1, 1)
Rotation = 0
Color = (1, 1, 1)
Alpha = 1
Smoothing = false
Tiling = false

[SObj0109]
Name = LWallGTS
Position = (4032, -832, 0)
Scale = (1, 5, 1)
Rotation = 0
Color = (1, 1, 1)
Alpha = 1
Smoothing = false
Tiling = true

[SObj0110]
Name = LSlopeGTS
Position = (3968, -672, 0)
Scale = (1, 1, 1)
Rotation = 0
Color = (1, 1, 1)
Alpha = 1
Smoothing = false
Tiling = false

[SObj0111]
Name = LSlopeGTS
Position = (3904, -640, 0)
Scale = (1, 1, 1)
Rotation = 0
Color = (1, 1, 1)
Alpha = 1
Smoothing = false
Tiling = false

[SObj0112]
Name = LSlopeGTS
Position = (3840, -608, 0)
Scale = (1, 1, 1)
Rotation = 0
Color = (1, 1, 1)
Alpha = 1
Smoothing = false
Tiling = false

[SObj0113]
Name = LCornerGTS
Position = (3616, -576, 0)
Scale = (1, 1, 1)
Rotation = 0
Color = (1, 1, 1)
Alpha = 1
Smoothing = false
Tiling = false

[SObj0114]
Name = LWallGTS
Position = (3840, -544, 0)
Scale = (1, 7, 1)
Rotation = 0
Color = (1, 1, 1)
Alpha = 1
Smoothing = false
Tiling = true

[SObj0115]
Name = LSlopeGTS
Position = (3776, -320, 0)
Scale = (1, 1, 1)
Rotation = 0
Color = (1, 1, 1)
Alpha = 1
Smoothing = false
Tiling = false

[SObj0116]
Name = LSlopeGTS
Position = (3712, -288, 0)
Scale = (1, 1, 1)
Rotation = 0
Color = (1, 1, 1)
Alpha = 1
Smoothing = false
Tiling = false

[SObj0117]
Name = LSlopeGTS
Position = (3648, -256, 0)
Scale = (1, 1, 1)
Rotation = 0
Color = (1, 1, 1)
Alpha = 1
Smoothing = false
Tiling = false

[SObj0118]
Name = LCornerGTS
Position = (3616, -224, 0)
Scale = (1, 1, 1)
Rotation = 0
Color = (1, 1, 1)
Alpha = 1
Smoothing = false
Tiling = false

[SObj0119]
Name = LWallGTS
Position = (3648, -192, 0)
Scale = (1, 15, 1)
Rotation = 0
Color = (1, 1, 1)
Alpha = 1
Smoothing = false
Tiling = true

[SObj0120]
Name = RCornerGTS
Position = (4160, -928, 0)
Scale = (1, 1, 1)
Rotation = 0
Color = (1, 1, 1)
Alpha = 1
Smoothing = false
Tiling = false

[SObj0121]
Name = LCornerGTS
Position = (4128, -1024, 0)
Scale = (1, 1, 1)
Rotation = 0
Color = (1, 1, 1)
Alpha = 1
Smoothing = false
Tiling = false

[SObj0122]
Name = 1x1GTS
Position = (4160, -1024, 0)
Scale = (1, 1, 1)
Rotation = 0
Color = (1, 1, 1)
Alpha = 1
Smoothing = false
Tiling = false

[SObj0123]
Name = RCornerGTS
Position = (4192, -1024, 0)
Scale = (1, 1, 1)
Rotation = 0
Color = (1, 1, 1)
Alpha = 1
Smoothing = false
Tiling = false

[SObj0124]
Name = 1x1GTS
Position = (4384, -1024, 0)
Scale = (1, 1, 1)
Rotation = 0
Color = (1, 1, 1)
Alpha = 1
Smoothing = false
Tiling = false

[SObj0125]
Name = RCornerGTS
Position = (4416, -1024, 0)
Scale = (1, 1, 1)
Rotation = 0
Color = (1, 1, 1)
Alpha = 1
Smoothing = false
Tiling = false

[SObj0126]
Name = LCornerGTS
Position = (4352, -1024, 0)
Scale = (1, 1, 1)
Rotation = 0
Color = (1, 1, 1)
Alpha = 1
Smoothing = false
Tiling = false

[SObj0127]
Name = DWallGTS
Position = (4384, -992, 0)
Scale = (1, 1, 1)
Rotation = 0
Color = (1, 1, 1)
Alpha = 1
Smoothing = false
Tiling = false

[SObj0128]
Name = DWallGTS
Position = (4384, -960, 0)
Scale = (1, 1, 1)
Rotation = 0
Color = (1, 1, 1)
Alpha = 1
Smoothing = false
Tiling = false

[SObj0129]
Name = LCornerGTS
Position = (4384, -928, 0)
Scale = (1, 1, 1)
Rotation = 0
Color = (1, 1, 1)
Alpha = 1
Smoothing = false
Tiling = false

[SObj0130]
Name = RSlopeGTS
Position = (4416, -928, 0)
Scale = (1, 1, 1)
Rotation = 0
Color = (1, 1, 1)
Alpha = 1
Smoothing = false
Tiling = false

[SObj0131]
Name = RSlopeGTS
Position = (4480, -896, 0)
Scale = (1, 1, 1)
Rotation = 0
Color = (1, 1, 1)
Alpha = 1
Smoothing = false
Tiling = false

[SObj0132]
Name = RCornerGTS
Position = (4544, -864, 0)
Scale = (1, 1, 1)
Rotation = 0
Color = (1, 1, 1)
Alpha = 1
Smoothing = false
Tiling = false

[SObj0133]
Name = RWallGTS
Position = (4512, -832, 0)
Scale = (1, 5, 1)
Rotation = 0
Color = (1, 1, 1)
Alpha = 1
Smoothing = false
Tiling = true

[SObj0134]
Name = RSlopeGTS
Position = (4544, -672, 0)
Scale = (1, 1, 1)
Rotation = 0
Color = (1, 1, 1)
Alpha = 1
Smoothing = false
Tiling = false

[SObj0135]
Name = RSlopeGTS
Position = (4608, -640, 0)
Scale = (1, 1, 1)
Rotation = 0
Color = (1, 1, 1)
Alpha = 1
Smoothing = false
Tiling = false

[SObj0136]
Name = RSlopeGTS
Position = (4672, -608, 0)
Scale = (1, 1, 1)
Rotation = 0
Color = (1, 1, 1)
Alpha = 1
Smoothing = false
Tiling = false

[SObj0137]
Name = RCornerGTS
Position = (4736, -576, 0)
Scale = (1, 1, 1)
Rotation = 0
Color = (1, 1, 1)
Alpha = 1
Smoothing = false
Tiling = false

[SObj0138]
Name = RWallGTS
Position = (4704, -544, 0)
Scale = (1, 7, 1)
Rotation = 0
Color = (1, 1, 1)
Alpha = 1
Smoothing = false
Tiling = true

[SObj0139]
Name = RSlopeGTS
Position = (4736, -320, 0)
Scale = (1, 1, 1)
Rotation = 0
Color = (1, 1, 1)
Alpha = 1
Smoothing = false
Tiling = false

[SObj0140]
Name = RSlopeGTS
Position = (4800, -288, 0)
Scale = (1, 1, 1)
Rotation = 0
Color = (1, 1, 1)
Alpha = 1
Smoothing = false
Tiling = false

[SObj0141]
Name = RSlopeGTS
Position = (4864, -256, 0)
Scale = (1, 1, 1)
Rotation = 0
Color = (1, 1, 1)
Alpha = 1
Smoothing = false
Tiling = false

[SObj0142]
Name = RCornerGTS
Position = (4928, -224, 0)
Scale = (1, 1, 1)
Rotation = 0
Color = (1, 1, 1)
Alpha = 1
Smoothing = false
Tiling = false

[SObj0143]
Name = RWallGTS
Position = (4896, -64, 0)
Scale = (1, 17, 1)
Rotation = 0
Color = (1, 1, 1)
Alpha = 1
Smoothing = false
Tiling = true

[SObj0144]
Name = RWallGTS
Position = (4064, -832, 0)
Scale = (1, 5, 1)
Rotation = 0
Color = (1, 1, 1)
Alpha = 1
Smoothing = false
Tiling = true

[SObj0145]
Name = RUndergroundGTS
Position = (4128, -864, 0)
Scale = (1, 1, 1)
Rotation = 0
Color = (1, 1, 1)
Alpha = 1
Smoothing = false
Tiling = false

[SObj0146]
Name = MUndergroundGTS
Position = (4096, -864, 0)
Scale = (1, 1, 1)
Rotation = 0
Color = (1, 1, 1)
Alpha = 1
Smoothing = false
Tiling = false

[SObj0147]
Name = LUndergroundGTS
Position = (4416, -864, 0)
Scale = (1, 1, 1)
Rotation = 0
Color = (1, 1, 1)
Alpha = 1
Smoothing = false
Tiling = false

[SObj0148]
Name = MUndergroundGTS
Position = (4448, -864, 0)
Scale = (1, 1, 1)
Rotation = 0
Color = (1, 1, 1)
Alpha = 1
Smoothing = false
Tiling = false

[SObj0149]
Name = LWallGTS
Position = (4480, -832, 0)
Scale = (1, 5, 1)
Rotation = 0
Color = (1, 1, 1)
Alpha = 1
Smoothing = false
Tiling = true

[SObj0150]
Name = RWallGTS
Position = (3136, -256, 0)
Scale = (1, 11, 1)
Rotation = 0
Color = (1, 1, 1)
Alpha = 1
Smoothing = false
Tiling = true

[SObj0151]
Name = 1x1GTS
Position = (3136, -288, 0)
Scale = (1, 1, 1)
Rotation = 0
Color = (1, 1, 1)
Alpha = 1
Smoothing = false
Tiling = false

[SObj0152]
Name = RCornerGTS
Position = (3168, -288, 0)
Scale = (1, 1, 1)
Rotation = 0
Color = (1, 1, 1)
Alpha = 1
Smoothing = false
Tiling = false

[SObj0153]
Name = LCornerGTS
Position = (-672, -640, 0)
Scale = (1, 1, 1)
Rotation = 0
Color = (1, 1, 1)
Alpha = 1
Smoothing = false
Tiling = false

[SObj0154]
Name = 1x1GTS
Position = (-512, -640, 0)
Scale = (1, 1, 1)
Rotation = 0
Color = (1, 1, 1)
Alpha = 1
Smoothing = false
Tiling = false

[SObj0155]
Name = LWallGTS
Position = (-512, -608, 0)
Scale = (1, 18, 1)
Rotation = 0
Color = (1, 1, 1)
Alpha = 1
Smoothing = false
Tiling = true

[SObj0156]
Name = Ground1GTS
Position = (4032, -672, 0)
Scale = (1, 1, 1)
Rotation = 0
Color = (1, 1, 1)
Alpha = 1
Smoothing = false
Tiling = false

[SObj0157]
Name = RUndergroundGTS
Position = (4064, -672, 0)
Scale = (1, 1, 1)
Rotation = 0
Color = (1, 1, 1)
Alpha = 1
Smoothing = false
Tiling = false

[SObj0158]
Name = RUndergroundGTS
Position = (4032, -640, 0)
Scale = (1, 1, 1)
Rotation = 0
Color = (1, 1, 1)
Alpha = 1
Smoothing = false
Tiling = false

[SObj0159]
Name = RUndergroundGTS
Position = (4000, -608, 0)
Scale = (1, 1, 1)
Rotation = 0
Color = (1, 1, 1)
Alpha = 1
Smoothing = false
Tiling = false

[SObj0160]
Name = RUndergroundGTS
Position = (3968, -576, 0)
Scale = (1, 1, 1)
Rotation = 0
Color = (1, 1, 1)
Alpha = 1
Smoothing = false
Tiling = false

[SObj0161]
Name = MUndergroundGTS
Position = (3936, -576, 0)
Scale = (1, 1, 1)
Rotation = 0
Color = (1, 1, 1)
Alpha = 1
Smoothing = false
Tiling = false

[SObj0162]
Name = Ground2GTS
Position = (3904, -576, 0)
Scale = (1, 1, 1)
Rotation = 0
Color = (1, 1, 1)
Alpha = 1
Smoothing = false
Tiling = false

[SObj0163]
Name = RUndergroundGTS
Position = (3904, -544, 0)
Scale = (1, 1, 1)
Rotation = 0
Color = (1, 1, 1)
Alpha = 1
Smoothing = false
Tiling = false

[SObj0164]
Name = Ground2GTS
Position = (3968, -608, 0)
Scale = (1, 1, 1)
Rotation = 0
Color = (1, 1, 1)
Alpha = 1
Smoothing = false
Tiling = false

[SObj0165]
Name = 2x1STS
Position = (4224, -704, 0)
Scale = (2, 1, 1)
Rotation = 0
Color = (1, 1, 1)
Alpha = 1
Smoothing = false
Tiling = true

[SObj0166]
Name = RCornerSTS
Position = (4352, -704, 0)
Scale = (1, 1, 1)
Rotation = 0
Color = (1, 1, 1)
Alpha = 1
Smoothing = false
Tiling = false

[SObj0167]
Name = LCornerSTS
Position = (4192, -704, 0)
Scale = (1, 1, 1)
Rotation = 0
Color = (1, 1, 1)
Alpha = 1
Smoothing = false
Tiling = false

[SObj0168]
Name = 2x1STS
Position = (3808, 0, 0)
Scale = (15, 1, 1)
Rotation = 0
Color = (1, 1, 1)
Alpha = 1
Smoothing = false
Tiling = true

[SObj0169]
Name = LCornerSTS
Position = (3776, 0, 0)
Scale = (1, 1, 1)
Rotation = 0
Color = (1, 1, 1)
Alpha = 1
Smoothing = false
Tiling = false

[SObj0170]
Name = RCornerSTS
Position = (4768, 0, 0)
Scale = (1, 1, 1)
Rotation = 0
Color = (1, 1, 1)
Alpha = 1
Smoothing = false
Tiling = false

[SObj0171]
Name = MushNPCHomingPatrolOnSightReorient
Position = (4768, -32, 0)
Scale = (1, 1, 1)
Rotation = 0
Color = (1, 1, 1)
Alpha = 1
Smoothing = false
Tiling = false

[SObj0172]
Name = MushNPCHomingPatrolOnSightReorient
Position = (4640, -32, 0)
Scale = (1, 1, 1)
Rotation = 0
Color = (1, 1, 1)
Alpha = 1
Smoothing = false
Tiling = false

[SObj0173]
Name = MushNPCHomingPatrolOnSightReorient
Position = (4512, -32, 0)
Scale = (1, 1, 1)
Rotation = 0
Color = (1, 1, 1)
Alpha = 1
Smoothing = false
Tiling = false

[SObj0174]
Name = MushNPCHomingPatrolOnSightReorient
Position = (4384, -32, 0)
Scale = (1, 1, 1)
Rotation = 0
Color = (1, 1, 1)
Alpha = 1
Smoothing = false
Tiling = false

[SObj0175]
Name = MushNPCHomingPatrolOnSightReorient
Position = (4256, -32, 0)
Scale = (1, 1, 1)
Rotation = 0
Color = (1, 1, 1)
Alpha = 1
Smoothing = false
Tiling = false

[SObj0176]
Name = MushNPCHomingPatrolOnSightReorient
Position = (4128, -32, 0)
Scale = (1, 1, 1)
Rotation = 0
Color = (1, 1, 1)
Alpha = 1
Smoothing = false
Tiling = false

[SObj0177]
Name = MushNPCHomingPatrolOnSightReorient
Position = (4000, -32, 0)
Scale = (1, 1, 1)
Rotation = 0
Color = (1, 1, 1)
Alpha = 1
Smoothing = false
Tiling = false

[SObj0178]
Name = MushNPCHomingPatrolOnSightReorient
Position = (3872, -32, 0)
Scale = (1, 1, 1)
Rotation = 0
Color = (1, 1, 1)
Alpha = 1
Smoothing = false
Tiling = false

[SObj0179]
Name = RWallGTS
Position = (3680, -192, 0)
Scale = (1, 1, 1)
Rotation = 0
Color = (1, 1, 1)
Alpha = 1
Smoothing = false
Tiling = true

[SObj0180]
Name = RUndergroundGTS
Position = (3776, -224, 0)
Scale = (1, 1, 1)
Rotation = 0
Color = (1, 1, 1)
Alpha = 1
Smoothing = false
Tiling = false

[SObj0181]
Name = MUndergroundGTS
Position = (3744, -224, 0)
Scale = (1, 1, 1)
Rotation = 0
Color = (1, 1, 1)
Alpha = 1
Smoothing = false
Tiling = false

[SObj0182]
Name = MUndergroundGTS
Position = (3712, -224, 0)
Scale = (1, 1, 1)
Rotation = 0
Color = (1, 1, 1)
Alpha = 1
Smoothing = false
Tiling = false

[SObj0183]
Name = RUndergroundGTS
Position = (3808, -256, 0)
Scale = (1, 1, 1)
Rotation = 0
Color = (1, 1, 1)
Alpha = 1
Smoothing = false
Tiling = false

[SObj0184]
Name = Ground2GTS
Position = (3776, -256, 0)
Scale = (1, 1, 1)
Rotation = 0
Color = (1, 1, 1)
Alpha = 1
Smoothing = false
Tiling = false

[SObj0186]
Name = Ground2GTS
Position = (3840, -320, 0)
Scale = (1, 1, 1)
Rotation = 0
Color = (1, 1, 1)
Alpha = 1
Smoothing = false
Tiling = false

[SObj0187]
Name = 2x1GTS
Position = (3904, -288, 0)
Scale = (2, 1, 1)
Rotation = 0
Color = (1, 1, 1)
Alpha = 1
Smoothing = false
Tiling = true

[SObj0188]
Name = MUndergroundGTS
Position = (3904, -288, 0)
Scale = (-2, 1, 1)
Rotation = 0
Color = (1, 1, 1)
Alpha = 1
Smoothing = false
Tiling = true

[SObj0185]
Name = RWallGTS
Position = (3872, -512, 0)
Scale = (1, 7, 1)
Rotation = 0
Color = (1, 1, 1)
Alpha = 1
Smoothing = false
Tiling = true

[SObj0189]
Name = Ground2GTS
Position = (3872, -544, 0)
Scale = (1, 1, 1)
Rotation = 0
Color = (1, 1, 1)
Alpha = 1
Smoothing = false
Tiling = false

[SObj0190]
Name = RCornerGTS
Position = (4032, -288, 0)
Scale = (1, 1, 1)
Rotation = 0
Color = (1, 1, 1)
Alpha = 1
Smoothing = false
Tiling = false

[SObj0191]
Name = MushNPCHomingOnSightReorient
Position = (4032, -320, 0)
Scale = (1, 1, 1)
Rotation = 0
Color = (1, 1, 1)
Alpha = 1
Smoothing = false
Tiling = false

[SObj0192]
Name = MushNPCHomingOnSightReorient
Position = (3968, -320, 0)
Scale = (1, 1, 1)
Rotation = 0
Color = (1, 1, 1)
Alpha = 1
Smoothing = false
Tiling = false

[SObj0193]
Name = LUndergroundGTS
Position = (4480, -672, 0)
Scale = (1, 1, 1)
Rotation = 0
Color = (1, 1, 1)
Alpha = 1
Smoothing = false
Tiling = false

[SObj0194]
Name = LUndergroundGTS
Position = (4512, -640, 0)
Scale = (1, 1, 1)
Rotation = 0
Color = (1, 1, 1)
Alpha = 1
Smoothing = false
Tiling = false

[SObj0195]
Name = LUndergroundGTS
Position = (4544, -608, 0)
Scale = (1, 1, 1)
Rotation = 0
Color = (1, 1, 1)
Alpha = 1
Smoothing = false
Tiling = false

[SObj0197]
Name = LWallGTS
Position = (4672, -512, 0)
Scale = (1, 7, 1)
Rotation = 0
Color = (1, 1, 1)
Alpha = 1
Smoothing = false
Tiling = true

[SObj0198]
Name = Ground2GTS
Position = (4704, -320, 0)
Scale = (1, 1, 1)
Rotation = 0
Color = (1, 1, 1)
Alpha = 1
Smoothing = false
Tiling = false

[SObj0199]
Name = Ground1GTS
Position = (4512, -672, 0)
Scale = (1, 1, 1)
Rotation = 0
Color = (1, 1, 1)
Alpha = 1
Smoothing = false
Tiling = false

[SObj0200]
Name = LUndergroundGTS
Position = (4576, -576, 0)
Scale = (1, 1, 1)
Rotation = 0
Color = (1, 1, 1)
Alpha = 1
Smoothing = false
Tiling = false

[SObj0196]
Name = LUndergroundGTS
Position = (4640, -544, 0)
Scale = (1, 1, 1)
Rotation = 0
Color = (1, 1, 1)
Alpha = 1
Smoothing = false
Tiling = false

[SObj0201]
Name = MUndergroundGTS
Position = (4608, -576, 0)
Scale = (1, 1, 1)
Rotation = 0
Color = (1, 1, 1)
Alpha = 1
Smoothing = false
Tiling = false

[SObj0202]
Name = Ground2GTS
Position = (4640, -576, 0)
Scale = (1, 1, 1)
Rotation = 0
Color = (1, 1, 1)
Alpha = 1
Smoothing = false
Tiling = false

[SObj0203]
Name = Ground2GTS
Position = (4576, -608, 0)
Scale = (1, 1, 1)
Rotation = 0
Color = (1, 1, 1)
Alpha = 1
Smoothing = false
Tiling = false

[SObj0204]
Name = Ground2GTS
Position = (4672, -544, 0)
Scale = (1, 1, 1)
Rotation = 0
Color = (1, 1, 1)
Alpha = 1
Smoothing = false
Tiling = false

[SObj0205]
Name = MUndergroundGTS
Position = (4672, -288, 0)
Scale = (1, 1, 1)
Rotation = 0
Color = (1, 1, 1)
Alpha = 1
Smoothing = false
Tiling = false

[SObj0206]
Name = MUndergroundGTS
Position = (4704, -288, 0)
Scale = (1, 1, 1)
Rotation = 0
Color = (1, 1, 1)
Alpha = 1
Smoothing = false
Tiling = false

[SObj0207]
Name = 2x1GTS
Position = (4544, -288, 0)
Scale = (2, 1, 1)
Rotation = 0
Color = (1, 1, 1)
Alpha = 1
Smoothing = false
Tiling = true

[SObj0208]
Name = LCornerGTS
Position = (4512, -288, 0)
Scale = (1, 1, 1)
Rotation = 0
Color = (1, 1, 1)
Alpha = 1
Smoothing = false
Tiling = false

[SObj0209]
Name = LUndergroundGTS
Position = (4736, -256, 0)
Scale = (1, 1, 1)
Rotation = 0
Color = (1, 1, 1)
Alpha = 1
Smoothing = false
Tiling = false

[SObj0210]
Name = LUndergroundGTS
Position = (4768, -224, 0)
Scale = (1, 1, 1)
Rotation = 0
Color = (1, 1, 1)
Alpha = 1
Smoothing = false
Tiling = false

[SObj0211]
Name = MUndergroundGTS
Position = (4800, -224, 0)
Scale = (1, 1, 1)
Rotation = 0
Color = (1, 1, 1)
Alpha = 1
Smoothing = false
Tiling = false

[SObj0212]
Name = MUndergroundGTS
Position = (4832, -224, 0)
Scale = (1, 1, 1)
Rotation = 0
Color = (1, 1, 1)
Alpha = 1
Smoothing = false
Tiling = false

[SObj0213]
Name = Ground2GTS
Position = (4768, -256, 0)
Scale = (1, 1, 1)
Rotation = 0
Color = (1, 1, 1)
Alpha = 1
Smoothing = false
Tiling = false

[SObj0215]
Name = MushNPCHomingOnSightReorient
Position = (4576, -320, 0)
Scale = (-1, 1, 1)
Rotation = 0
Color = (1, 1, 1)
Alpha = 1
Smoothing = false
Tiling = false

[SObj0216]
Name = MushNPCHomingOnSightReorient
Position = (4640, -320, 0)
Scale = (-1, 1, 1)
Rotation = 0
Color = (1, 1, 1)
Alpha = 1
Smoothing = false
Tiling = false

[SObj0217]
Name = 2x1STS
Position = (4224, -160, 0)
Scale = (2, 1, 1)
Rotation = 0
Color = (1, 1, 1)
Alpha = 1
Smoothing = false
Tiling = true

[SObj0218]
Name = LCornerSTS
Position = (4192, -160, 0)
Scale = (1, 1, 1)
Rotation = 0
Color = (1, 1, 1)
Alpha = 1
Smoothing = false
Tiling = false

[SObj0219]
Name = RCornerSTS
Position = (4352, -160, 0)
Scale = (1, 1, 1)
Rotation = 0
Color = (1, 1, 1)
Alpha = 1
Smoothing = false
Tiling = false

[SObj0220]
Name = 2x1GTS
Position = (7520, -320, 0)
Scale = (2, 1, 1)
Rotation = 0
Color = (1, 1, 1)
Alpha = 1
Smoothing = false
Tiling = false

[SObj0221]
Name = 2x1GTS
Position = (7488, -320, 0)
Scale = (2, 1, 1)
Rotation = 0
Color = (1, 1, 1)
Alpha = 1
Smoothing = false
Tiling = false

[SObj0222]
Name = 2x1GTS
Position = (3712, -160, 0)
Scale = (2, 1, 1)
Rotation = 0
Color = (1, 1, 1)
Alpha = 1
Smoothing = false
Tiling = true

[SObj0223]
Name = RCornerGTS
Position = (3840, -160, 0)
Scale = (1, 1, 1)
Rotation = 0
Color = (1, 1, 1)
Alpha = 1
Smoothing = false
Tiling = false

[SObj0224]
Name = Ground1GTS
Position = (3680, -160, 0)
Scale = (1, 1, 1)
Rotation = 0
Color = (1, 1, 1)
Alpha = 1
Smoothing = false
Tiling = false

[SObj0225]
Name = RWallGTS
Position = (3680, -128, 0)
Scale = (1, 13, 1)
Rotation = 0
Color = (1, 1, 1)
Alpha = 1
Smoothing = false
Tiling = true

[SObj0214]
Name = RCornerGTS
Position = (4928, -96, 0)
Scale = (1, 1, 1)
Rotation = 0
Color = (1, 1, 1)
Alpha = 1
Smoothing = false
Tiling = false

[SObj0226]
Name = 1x1GTS
Position = (4896, -96, 0)
Scale = (1, 1, 1)
Rotation = 0
Color = (1, 1, 1)
Alpha = 1
Smoothing = false
Tiling = false

[SObj0228]
Name = LCornerGTS
Position = (4800, -96, 0)
Scale = (1, 1, 1)
Rotation = 0
Color = (1, 1, 1)
Alpha = 1
Smoothing = false
Tiling = false

[SObj0227]
Name = 1x1GTS
Position = (4864, -96, 0)
Scale = (1, 1, 1)
Rotation = 0
Color = (1, 1, 1)
Alpha = 1
Smoothing = false
Tiling = false

[SObj0229]
Name = LWallGTS
Position = (4864, -64, 0)
Scale = (1, 17, 1)
Rotation = 0
Color = (1, 1, 1)
Alpha = 1
Smoothing = false
Tiling = true

[SObj0230]
Name = 2x1GTS
Position = (4832, -96, 0)
Scale = (1, 1, 1)
Rotation = 0
Color = (1, 1, 1)
Alpha = 1
Smoothing = false
Tiling = false

[SObj0231]
Name = MushBoss
Position = (3840, -192, 0)
Scale = (1, 1, 1)
Rotation = 0
Color = (1, 1, 1)
Alpha = 1
Smoothing = false
Tiling = false

[SObj0232]
Name = MushBoss
Position = (4896, -128, 0)
Scale = (-1, 1, 1)
Rotation = 0
Color = (1, 1, 1)
Alpha = 1
Smoothing = false
Tiling = false

[SObj0233]
Name = LCornerGTS
Position = (4832, -448, 0)
Scale = (1, 1, 1)
Rotation = 0
Color = (1, 1, 1)
Alpha = 1
Smoothing = false
Tiling = false

[SObj0234]
Name = RCornerGTS
Position = (4928, -448, 0)
Scale = (1, 1, 1)
Rotation = 0
Color = (1, 1, 1)
Alpha = 1
Smoothing = false
Tiling = false

[SObj0235]
Name = 2x1GTS
Position = (4864, -448, 0)
Scale = (1, 1, 1)
Rotation = 0
Color = (1, 1, 1)
Alpha = 1
Smoothing = false
Tiling = false

[SObj0236]
Name = 2x1GTS
Position = (4672, -768, 0)
Scale = (1, 1, 1)
Rotation = 0
Color = (1, 1, 1)
Alpha = 1
Smoothing = false
Tiling = false

[SObj0237]
Name = RCornerGTS
Position = (4736, -768, 0)
Scale = (1, 1, 1)
Rotation = 0
Color = (1, 1, 1)
Alpha = 1
Smoothing = false
Tiling = false

[SObj0238]
Name = LCornerGTS
Position = (4640, -768, 0)
Scale = (1, 1, 1)
Rotation = 0
Color = (1, 1, 1)
Alpha = 1
Smoothing = false
Tiling = false

[SObj0011]
Name = MushBoss
Position = (3936, -1056, 0)
Scale = (1, 1, 1)
Rotation = 0
Color = (1, 1, 1)
Alpha = 1
Smoothing = false
Tiling = false

[SObj0072]
Name = MushNPCMiniBoss
Position = (2976, -800, 0)
Scale = (1, 1, 1)
Rotation = 0
Color = (1, 1, 1)
Alpha = 1
Smoothing = false
Tiling = false

[SObj0073]
Name = BGNight
Position = (-6624, -5632, 4)
Scale = (24, 24, 1)
Rotation = 0
Color = (1, 1, 1)
Alpha = 1
Smoothing = false
Tiling = false

[SObj0082]
Name = 2x1GTS
Position = (3648, -576, 0)
Scale = (3, 1, 1)
Rotation = 0
Color = (1, 1, 1)
Alpha = 1
Smoothing = false
Tiling = true

[SObj0088]
Name = RealTree7
Position = (3808, -576, 1)
Scale = (1, 1, 1)
Rotation = 0
Color = (1, 1, 1)
Alpha = 1
Smoothing = false
Tiling = false

[SObj0093]
Name = SnowyTree2
Position = (4064, 0, 1)
Scale = (1, 1, 1)
Rotation = 0
Color = (1, 1, 1)
Alpha = 1
Smoothing = false
Tiling = false

[SObj0094]
Name = SnowyTree3
Position = (4192, 0, 1)
Scale = (1, 1, 1)
Rotation = 0
Color = (1, 1, 1)
Alpha = 1
Smoothing = false
Tiling = false

[SObj0239]
Name = SnowyTree3
Position = (4576, 0, 1)
Scale = (1, 1, 1)
Rotation = 0
Color = (1, 1, 1)
Alpha = 1
Smoothing = false
Tiling = false

[SObj0240]
Name = SnowyTree4
Position = (4512, 0, 1)
Scale = (1, 1, 1)
Rotation = 0
Color = (1, 1, 1)
Alpha = 1
Smoothing = false
Tiling = false

[SObj0241]
Name = SnowyTree4
Position = (4608, 0, 1)
Scale = (1, 1, 1)
Rotation = 0
Color = (1, 1, 1)
Alpha = 1
Smoothing = false
Tiling = false

[SObj0242]
Name = SnowyTree5
Position = (4288, 0, 1)
Scale = (1, 1, 1)
Rotation = 0
Color = (1, 1, 1)
Alpha = 1
Smoothing = false
Tiling = false

[SObj0243]
Name = RuralStatue4
Position = (3776, -576, 1)
Scale = (1, 1, 1)
Rotation = 0
Color = (1, 1, 1)
Alpha = 1
Smoothing = false
Tiling = false

[SObj0247]
Name = Tree1
Position = (-480, -640, 1)
Scale = (1, 1, 1)
Rotation = 0
Color = (1, 1, 1)
Alpha = 1
Smoothing = false
Tiling = false

[SObj0248]
Name = RuralHouse7
Position = (-416, -640, 1)
Scale = (1, 1, 1)
Rotation = 0
Color = (1, 1, 1)
Alpha = 1
Smoothing = false
Tiling = false

[SObj0249]
Name = 2x1GTS
Position = (-640, -640, 0)
Scale = (2, 1, 1)
Rotation = 0
Color = (1, 1, 1)
Alpha = 1
Smoothing = false
Tiling = true

[SObj0244]
Name = Tree1
Position = (1312, -320, 0)
Scale = (1, 1, 1)
Rotation = 0
Color = (1, 1, 1)
Alpha = 1
Smoothing = false
Tiling = false

[SObj0245]
Name = Bush5
Position = (1344, -320, 0)
Scale = (1, 1, 1)
Rotation = 0
Color = (1, 1, 1)
Alpha = 1
Smoothing = false
Tiling = false

[SObj0246]
Name = Bush5
Position = (1920, -128, 0)
Scale = (1, 1, 1)
Rotation = 0
Color = (1, 1, 1)
Alpha = 1
Smoothing = false
Tiling = false

[SObj0250]
Name = Bush5
Position = (-576, -640, 0)
Scale = (1, 1, 1)
Rotation = 0
Color = (1, 1, 1)
Alpha = 1
Smoothing = false
Tiling = false

[SObj0251]
Name = Bush5
Position = (-320, -640, 0)
Scale = (1, 1, 1)
Rotation = 0
Color = (1, 1, 1)
Alpha = 1
Smoothing = false
Tiling = false

[SObj0252]
Name = RuralStatue7
Position = (3137, -285, 0)
Scale = (1, 1, 1)
Rotation = 0
Color = (1, 1, 1)
Alpha = 1
Smoothing = false
Tiling = false

[SObj0253]
Name = RuralStatue4
Position = (3101, -290, 0)
Scale = (1, 1, 1)
Rotation = 0
Color = (1, 1, 1)
Alpha = 1
Smoothing = false
Tiling = false

[SObj0254]
Name = RuralStatue4
Position = (3063, -289, 0)
Scale = (1, 1, 1)
Rotation = 0
Color = (1, 1, 1)
Alpha = 1
Smoothing = false
Tiling = false

[SObj0255]
Name = RuralStatue6
Position = (2062, -604, 0)
Scale = (1, 1, 1)
Rotation = 0
Color = (1, 1, 1)
Alpha = 1
Smoothing = false
Tiling = false

[SObj0256]
Name = RuralStatue7
Position = (4175, -1016, 0)
Scale = (1, 1, 1)
Rotation = 0
Color = (1, 1, 1)
Alpha = 1
Smoothing = false
Tiling = false

[SObj0257]
Name = RuralStatue7
Position = (4400, -1017, 0)
Scale = (1, 1, 1)
Rotation = 0
Color = (1, 1, 1)
Alpha = 1
Smoothing = false
Tiling = false

