[ScrollEd]
EncryptSave = false
LayerIndex = 4

[Map]
CameraPosition = (760.08, -272.677, -4.5)
CameraZoom = 0.999998
Differential = true
LayerNumber = 9
ObjectNumber = 221

[SObj0000]
Name = 1x1GTS
Position = (-128, -352, 0)
Scale = (1, 1, 1)
Rotation = 0
Color = (1, 1, 1)
Alpha = 1
Smoothing = false
Tiling = false

[SObj0002]
Name = 1x1GTS
Position = (-160, -352, 0)
Scale = (1, 1, 1)
Rotation = 0
Color = (1, 1, 1)
Alpha = 1
Smoothing = false
Tiling = false

[SObj0003]
Name = 1x1GTS
Position = (-192, -352, 0)
Scale = (1, 1, 1)
Rotation = 0
Color = (1, 1, 1)
Alpha = 1
Smoothing = false
Tiling = false

[SObj0004]
Name = 1x1GTS
Position = (-224, -352, 0)
Scale = (1, 1, 1)
Rotation = 0
Color = (1, 1, 1)
Alpha = 1
Smoothing = false
Tiling = false

[SObj0006]
Name = 1x1GTS
Position = (-288, -352, 0)
Scale = (1, 1, 1)
Rotation = 0
Color = (1, 1, 1)
Alpha = 1
Smoothing = false
Tiling = false

[SObj0007]
Name = 1x1GTS
Position = (-320, -352, 0)
Scale = (1, 1, 1)
Rotation = 0
Color = (1, 1, 1)
Alpha = 1
Smoothing = false
Tiling = false

[SObj0008]
Name = 1x1GTS
Position = (-352, -352, 0)
Scale = (1, 1, 1)
Rotation = 0
Color = (1, 1, 1)
Alpha = 1
Smoothing = false
Tiling = false

[SObj0009]
Name = 1x1GTS
Position = (-384, -352, 0)
Scale = (1, 1, 1)
Rotation = 0
Color = (1, 1, 1)
Alpha = 1
Smoothing = false
Tiling = false

[SObj0010]
Name = 1x1GTS
Position = (-96, -352, 0)
Scale = (1, 1, 1)
Rotation = 0
Color = (1, 1, 1)
Alpha = 1
Smoothing = false
Tiling = false

[SObj0011]
Name = 1x1GTS
Position = (-64, -352, 0)
Scale = (1, 1, 1)
Rotation = 0
Color = (1, 1, 1)
Alpha = 1
Smoothing = false
Tiling = false

[SObj0012]
Name = 1x1GTS
Position = (-32, -352, 0)
Scale = (1, 1, 1)
Rotation = 0
Color = (1, 1, 1)
Alpha = 1
Smoothing = false
Tiling = false

[SObj0015]
Name = 1x1GTS
Position = (64, -352, 0)
Scale = (1, 1, 1)
Rotation = 0
Color = (1, 1, 1)
Alpha = 1
Smoothing = false
Tiling = false

[SObj0016]
Name = 1x1GTS
Position = (96, -352, 0)
Scale = (1, 1, 1)
Rotation = 0
Color = (1, 1, 1)
Alpha = 1
Smoothing = false
Tiling = false

[SObj0017]
Name = LCornerGTS
Position = (-416, -352, 0)
Scale = (1, 1, 1)
Rotation = 0
Color = (1, 1, 1)
Alpha = 1
Smoothing = false
Tiling = false

[SObj0018]
Name = RCornerGTS
Position = (128, -352, 0)
Scale = (1, 1, 1)
Rotation = 0
Color = (1, 1, 1)
Alpha = 1
Smoothing = false
Tiling = false

[SObj0020]
Name = Ground1GTS
Position = (64, -320, 0)
Scale = (1, 1, 1)
Rotation = 0
Color = (1, 1, 1)
Alpha = 1
Smoothing = false
Tiling = false

[SObj0021]
Name = Ground1GTS
Position = (32, -320, 0)
Scale = (1, 1, 1)
Rotation = 0
Color = (1, 1, 1)
Alpha = 1
Smoothing = false
Tiling = false

[SObj0022]
Name = Ground1GTS
Position = (0, -320, 0)
Scale = (1, 1, 1)
Rotation = 0
Color = (1, 1, 1)
Alpha = 1
Smoothing = false
Tiling = false

[SObj0023]
Name = Ground1GTS
Position = (-32, -320, 0)
Scale = (1, 1, 1)
Rotation = 0
Color = (1, 1, 1)
Alpha = 1
Smoothing = false
Tiling = false

[SObj0024]
Name = Ground1GTS
Position = (-64, -320, 0)
Scale = (1, 1, 1)
Rotation = 0
Color = (1, 1, 1)
Alpha = 1
Smoothing = false
Tiling = false

[SObj0025]
Name = Ground1GTS
Position = (-96, -320, 0)
Scale = (1, 1, 1)
Rotation = 0
Color = (1, 1, 1)
Alpha = 1
Smoothing = false
Tiling = false

[SObj0026]
Name = Ground1GTS
Position = (-128, -320, 0)
Scale = (1, 1, 1)
Rotation = 0
Color = (1, 1, 1)
Alpha = 1
Smoothing = false
Tiling = false

[SObj0027]
Name = Ground1GTS
Position = (-160, -320, 0)
Scale = (1, 1, 1)
Rotation = 0
Color = (1, 1, 1)
Alpha = 1
Smoothing = false
Tiling = false

[SObj0028]
Name = Ground1GTS
Position = (-192, -320, 0)
Scale = (1, 1, 1)
Rotation = 0
Color = (1, 1, 1)
Alpha = 1
Smoothing = false
Tiling = false

[SObj0033]
Name = Ground1GTS
Position = (-320, -320, 0)
Scale = (1, 1, 1)
Rotation = 0
Color = (1, 1, 1)
Alpha = 1
Smoothing = false
Tiling = false

[SObj0034]
Name = Ground1GTS
Position = (-352, -320, 0)
Scale = (1, 1, 1)
Rotation = 0
Color = (1, 1, 1)
Alpha = 1
Smoothing = false
Tiling = false

[SObj0030]
Name = LUndergroundGTS
Position = (-384, -320, 0)
Scale = (1, 1, 1)
Rotation = 0
Color = (1, 1, 1)
Alpha = 1
Smoothing = false
Tiling = false

[SObj0019]
Name = RUndergroundGTS
Position = (96, -320, 0)
Scale = (1, 1, 1)
Rotation = 0
Color = (1, 1, 1)
Alpha = 1
Smoothing = false
Tiling = false

[SObj0035]
Name = MushNPCOnSightFront
Position = (128, -384, 0)
Scale = (1, 1, 1)
Rotation = 0
Color = (1, 1, 1)
Alpha = 1
Smoothing = false
Tiling = false

[SObj0036]
Name = LUndergroundGTS
Position = (-352, -288, 0)
Scale = (1, 1, 1)
Rotation = 0
Color = (1, 1, 1)
Alpha = 1
Smoothing = false
Tiling = false

[SObj0037]
Name = RUndergroundGTS
Position = (64, -288, 0)
Scale = (1, 1, 1)
Rotation = 0
Color = (1, 1, 1)
Alpha = 1
Smoothing = false
Tiling = false

[SObj0038]
Name = RUndergroundGTS
Position = (32, -256, 0)
Scale = (1, 1, 1)
Rotation = 0
Color = (1, 1, 1)
Alpha = 1
Smoothing = false
Tiling = false

[SObj0039]
Name = LUndergroundGTS
Position = (-320, -256, 0)
Scale = (1, 1, 1)
Rotation = 0
Color = (1, 1, 1)
Alpha = 1
Smoothing = false
Tiling = false

[SObj0040]
Name = Ground1GTS
Position = (-320, -288, 0)
Scale = (1, 1, 1)
Rotation = 0
Color = (1, 1, 1)
Alpha = 1
Smoothing = false
Tiling = false

[SObj0044]
Name = Ground1GTS
Position = (-192, -288, 0)
Scale = (1, 1, 1)
Rotation = 0
Color = (1, 1, 1)
Alpha = 1
Smoothing = false
Tiling = false

[SObj0045]
Name = Ground1GTS
Position = (-160, -288, 0)
Scale = (1, 1, 1)
Rotation = 0
Color = (1, 1, 1)
Alpha = 1
Smoothing = false
Tiling = false

[SObj0046]
Name = Ground1GTS
Position = (-128, -288, 0)
Scale = (1, 1, 1)
Rotation = 0
Color = (1, 1, 1)
Alpha = 1
Smoothing = false
Tiling = false

[SObj0047]
Name = Ground1GTS
Position = (-96, -288, 0)
Scale = (1, 1, 1)
Rotation = 0
Color = (1, 1, 1)
Alpha = 1
Smoothing = false
Tiling = false

[SObj0048]
Name = Ground1GTS
Position = (-64, -288, 0)
Scale = (1, 1, 1)
Rotation = 0
Color = (1, 1, 1)
Alpha = 1
Smoothing = false
Tiling = false

[SObj0049]
Name = Ground1GTS
Position = (-32, -288, 0)
Scale = (1, 1, 1)
Rotation = 0
Color = (1, 1, 1)
Alpha = 1
Smoothing = false
Tiling = false

[SObj0050]
Name = Ground1GTS
Position = (32, -288, 0)
Scale = (1, 1, 1)
Rotation = 0
Color = (1, 1, 1)
Alpha = 1
Smoothing = false
Tiling = false

[SObj0051]
Name = Ground1GTS
Position = (0, -288, 0)
Scale = (1, 1, 1)
Rotation = 0
Color = (1, 1, 1)
Alpha = 1
Smoothing = false
Tiling = false

[SObj0052]
Name = MUndergroundGTS
Position = (0, -256, 0)
Scale = (1, 1, 1)
Rotation = 0
Color = (1, 1, 1)
Alpha = 1
Smoothing = false
Tiling = false

[SObj0053]
Name = MUndergroundGTS
Position = (-32, -256, 0)
Scale = (1, 1, 1)
Rotation = 0
Color = (1, 1, 1)
Alpha = 1
Smoothing = false
Tiling = false

[SObj0054]
Name = MUndergroundGTS
Position = (-64, -256, 0)
Scale = (1, 1, 1)
Rotation = 0
Color = (1, 1, 1)
Alpha = 1
Smoothing = false
Tiling = false

[SObj0055]
Name = MUndergroundGTS
Position = (-96, -256, 0)
Scale = (1, 1, 1)
Rotation = 0
Color = (1, 1, 1)
Alpha = 1
Smoothing = false
Tiling = false

[SObj0056]
Name = MUndergroundGTS
Position = (-128, -256, 0)
Scale = (1, 1, 1)
Rotation = 0
Color = (1, 1, 1)
Alpha = 1
Smoothing = false
Tiling = false

[SObj0057]
Name = MUndergroundGTS
Position = (-160, -256, 0)
Scale = (1, 1, 1)
Rotation = 0
Color = (1, 1, 1)
Alpha = 1
Smoothing = false
Tiling = false

[SObj0058]
Name = MUndergroundGTS
Position = (-192, -256, 0)
Scale = (1, 1, 1)
Rotation = 0
Color = (1, 1, 1)
Alpha = 1
Smoothing = false
Tiling = false

[SObj0059]
Name = RUndergroundGTS
Position = (-288, -256, 0)
Scale = (1, 1, 1)
Rotation = 0
Color = (1, 1, 1)
Alpha = 1
Smoothing = false
Tiling = false

[SObj0061]
Name = LUndergroundGTS
Position = (-224, -256, 0)
Scale = (1, 1, 1)
Rotation = 0
Color = (1, 1, 1)
Alpha = 1
Smoothing = false
Tiling = false

[SObj0029]
Name = LWallGTS
Position = (-224, -288, 0)
Scale = (1, 1, 1)
Rotation = 0
Color = (1, 1, 1)
Alpha = 1
Smoothing = false
Tiling = false

[SObj0032]
Name = LWallGTS
Position = (-224, -320, 0)
Scale = (1, 1, 1)
Rotation = 0
Color = (1, 1, 1)
Alpha = 1
Smoothing = false
Tiling = false

[SObj0041]
Name = RWallGTS
Position = (-288, -320, 0)
Scale = (1, 1, 1)
Rotation = 0
Color = (1, 1, 1)
Alpha = 1
Smoothing = false
Tiling = false

[SObj0043]
Name = RWallGTS
Position = (-288, -288, 0)
Scale = (1, 1, 1)
Rotation = 0
Color = (1, 1, 1)
Alpha = 1
Smoothing = false
Tiling = false

[SObj0071]
Name = DWallGTS
Position = (192, -128, 0)
Scale = (1, 1, 1)
Rotation = 0
Color = (1, 1, 1)
Alpha = 1
Smoothing = false
Tiling = false

[SObj0072]
Name = DWallGTS
Position = (192, -96, 0)
Scale = (1, 1, 1)
Rotation = 0
Color = (1, 1, 1)
Alpha = 1
Smoothing = false
Tiling = false

[SObj0073]
Name = DWallGTS
Position = (192, -64, 0)
Scale = (1, 1, 1)
Rotation = 0
Color = (1, 1, 1)
Alpha = 1
Smoothing = false
Tiling = false

[SObj0074]
Name = DWallGTS
Position = (192, -32, 0)
Scale = (1, 1, 1)
Rotation = 0
Color = (1, 1, 1)
Alpha = 1
Smoothing = false
Tiling = false

[SObj0075]
Name = RealTree7
Position = (-288, -352, 0)
Scale = (1, 1, 1)
Rotation = 0
Color = (1, 1, 1)
Alpha = 1
Smoothing = false
Tiling = false

[SObj0076]
Name = RealTree8
Position = (-320, -352, 0)
Scale = (1, 1, 1)
Rotation = 0
Color = (1, 1, 1)
Alpha = 1
Smoothing = false
Tiling = false

[SObj0077]
Name = RealTree4
Position = (-320, -352, 0)
Scale = (1, 1, 1)
Rotation = 0
Color = (1, 1, 1)
Alpha = 1
Smoothing = false
Tiling = false

[SObj0078]
Name = RealTree4
Position = (-64, -352, 0)
Scale = (1, 1, 1)
Rotation = 0
Color = (1, 1, 1)
Alpha = 1
Smoothing = false
Tiling = false

[SObj0079]
Name = RealTree3
Position = (-64, -352, 0)
Scale = (1, 1, 1)
Rotation = 0
Color = (1, 1, 1)
Alpha = 1
Smoothing = false
Tiling = false

[SObj0080]
Name = RealTree2
Position = (-32, -352, 0)
Scale = (1, 1, 1)
Rotation = 0
Color = (1, 1, 1)
Alpha = 1
Smoothing = false
Tiling = false

[SObj0081]
Name = RealTree1
Position = (0, -352, 0)
Scale = (1, 1, 1)
Rotation = 0
Color = (1, 1, 1)
Alpha = 1
Smoothing = false
Tiling = false

[SObj0082]
Name = RealTree4
Position = (107, -350, 0)
Scale = (1, 1, 1)
Rotation = 0
Color = (1, 1, 1)
Alpha = 1
Smoothing = false
Tiling = false

[SObj0083]
Name = RealTree4
Position = (-104, -352, 0)
Scale = (1, 1, 1)
Rotation = 0
Color = (1, 1, 1)
Alpha = 1
Smoothing = false
Tiling = false

[SObj0084]
Name = RealTree4
Position = (128, 0, 0)
Scale = (1, 1, 1)
Rotation = 0
Color = (1, 1, 1)
Alpha = 1
Smoothing = false
Tiling = false

[SObj0085]
Name = RealTree5
Position = (0, 0, 0)
Scale = (1, 1, 1)
Rotation = 0
Color = (1, 1, 1)
Alpha = 1
Smoothing = false
Tiling = false

[SObj0086]
Name = RealTree5
Position = (-320, 0, 0)
Scale = (1, 1, 1)
Rotation = 0
Color = (1, 1, 1)
Alpha = 1
Smoothing = false
Tiling = false

[SObj0087]
Name = RealTree4
Position = (-288, 0, 0)
Scale = (1, 1, 1)
Rotation = 0
Color = (1, 1, 1)
Alpha = 1
Smoothing = false
Tiling = false

[SObj0088]
Name = RealTree4
Position = (-96, 0, 0)
Scale = (1, 1, 1)
Rotation = 0
Color = (1, 1, 1)
Alpha = 1
Smoothing = false
Tiling = false

[SObj0089]
Name = RealTree1
Position = (-96, 0, 0)
Scale = (1, 1, 1)
Rotation = 0
Color = (1, 1, 1)
Alpha = 1
Smoothing = false
Tiling = false

[SObj0143]
Name = DWallGTS
Position = (-544, -416, 0)
Scale = (1, 1, 1)
Rotation = 0
Color = (1, 1, 1)
Alpha = 1
Smoothing = false
Tiling = false

[SObj0144]
Name = DWallGTS
Position = (-544, -448, 0)
Scale = (1, 1, 1)
Rotation = 0
Color = (1, 1, 1)
Alpha = 1
Smoothing = false
Tiling = false

[SObj0146]
Name = 1x1GTS
Position = (-544, -480, 0)
Scale = (1, 1, 1)
Rotation = 0
Color = (1, 1, 1)
Alpha = 1
Smoothing = false
Tiling = false

[SObj0178]
Name = 1x1GTS
Position = (256, -480, 0)
Scale = (1, 1, 1)
Rotation = 0
Color = (1, 1, 1)
Alpha = 1
Smoothing = false
Tiling = false

[SObj0180]
Name = 1x1GTS
Position = (256, -64, 0)
Scale = (1, 1, 1)
Rotation = 0
Color = (1, 1, 1)
Alpha = 1
Smoothing = false
Tiling = false

[SObj0181]
Name = 1x1GTS
Position = (288, -64, 0)
Scale = (1, 1, 1)
Rotation = 0
Color = (1, 1, 1)
Alpha = 1
Smoothing = false
Tiling = false

[SObj0182]
Name = 1x1GTS
Position = (320, -64, 0)
Scale = (1, 1, 1)
Rotation = 0
Color = (1, 1, 1)
Alpha = 1
Smoothing = false
Tiling = false

[SObj0183]
Name = RCornerGTS
Position = (352, -64, 0)
Scale = (1, 1, 1)
Rotation = 0
Color = (1, 1, 1)
Alpha = 1
Smoothing = false
Tiling = false

[SObj0184]
Name = 1x1GTS
Position = (384, -160, 0)
Scale = (1, 1, 1)
Rotation = 0
Color = (1, 1, 1)
Alpha = 1
Smoothing = false
Tiling = false

[SObj0185]
Name = 1x1GTS
Position = (416, -160, 0)
Scale = (1, 1, 1)
Rotation = 0
Color = (1, 1, 1)
Alpha = 1
Smoothing = false
Tiling = false

[SObj0186]
Name = 1x1GTS
Position = (448, -160, 0)
Scale = (1, 1, 1)
Rotation = 0
Color = (1, 1, 1)
Alpha = 1
Smoothing = false
Tiling = false

[SObj0190]
Name = 1x1GTS
Position = (384, -352, 0)
Scale = (1, 1, 1)
Rotation = 0
Color = (1, 1, 1)
Alpha = 1
Smoothing = false
Tiling = false

[SObj0195]
Name = 1x1GTS
Position = (416, -352, 0)
Scale = (1, 1, 1)
Rotation = 0
Color = (1, 1, 1)
Alpha = 1
Smoothing = false
Tiling = false

[SObj0196]
Name = 1x1GTS
Position = (448, -352, 0)
Scale = (1, 1, 1)
Rotation = 0
Color = (1, 1, 1)
Alpha = 1
Smoothing = false
Tiling = false

[SObj0207]
Name = RCornerGTS
Position = (608, -224, 0)
Scale = (1, 1, 1)
Rotation = 0
Color = (1, 1, 1)
Alpha = 1
Smoothing = false
Tiling = false

[SObj0208]
Name = RSlopeGTS
Position = (544, -256, 0)
Scale = (1, 1, 1)
Rotation = 0
Color = (1, 1, 1)
Alpha = 1
Smoothing = false
Tiling = false

[SObj0257]
Name = MushNPCAlwaysAttackFront
Position = (-416, -32, 0)
Scale = (1, 1, 1)
Rotation = 0
Color = (1, 1, 1)
Alpha = 1
Smoothing = false
Tiling = false

[SObj0258]
Name = MushNPCOnSightFront
Position = (-480, -32, 0)
Scale = (1, 1, 1)
Rotation = 0
Color = (1, 1, 1)
Alpha = 1
Smoothing = false
Tiling = false

[SObj0263]
Name = LCornerGTS
Position = (512, -256, 0)
Scale = (-1, 1, 1)
Rotation = 0
Color = (1, 1, 1)
Alpha = 1
Smoothing = false
Tiling = false

[SObj0265]
Name = 1x1GTS
Position = (288, -224, 0)
Scale = (1, 1, 1)
Rotation = 0
Color = (1, 1, 1)
Alpha = 1
Smoothing = false
Tiling = false

[SObj0267]
Name = 1x1GTS
Position = (320, -352, 0)
Scale = (1, 1, 1)
Rotation = 0
Color = (1, 1, 1)
Alpha = 1
Smoothing = false
Tiling = false

[SObj0271]
Name = DWallGTS
Position = (512, -384, 0)
Scale = (1, 1, 1)
Rotation = 0
Color = (1, 1, 1)
Alpha = 1
Smoothing = false
Tiling = false

[SObj0272]
Name = DWallGTS
Position = (512, -320, 0)
Scale = (1, 1, 1)
Rotation = 0
Color = (1, 1, 1)
Alpha = 1
Smoothing = false
Tiling = false

[SObj0273]
Name = DWallGTS
Position = (512, -288, 0)
Scale = (1, 1, 1)
Rotation = 0
Color = (1, 1, 1)
Alpha = 1
Smoothing = false
Tiling = false

[SObj0274]
Name = DWallGTS
Position = (512, -352, 0)
Scale = (1, 1, 1)
Rotation = 0
Color = (1, 1, 1)
Alpha = 1
Smoothing = false
Tiling = false

[SObj0264]
Name = 2x1GTS
Position = (480, -96, 0)
Scale = (1, 1, 1)
Rotation = 0
Color = (1, 1, 1)
Alpha = 1
Smoothing = false
Tiling = false

[SObj0270]
Name = RCornerGTS
Position = (544, -96, 0)
Scale = (1, 1, 1)
Rotation = 0
Color = (1, 1, 1)
Alpha = 1
Smoothing = false
Tiling = false

[SObj0275]
Name = LCornerGTS
Position = (448, -96, 0)
Scale = (1, 1, 1)
Rotation = 0
Color = (1, 1, 1)
Alpha = 1
Smoothing = false
Tiling = false

[SObj0251]
Name = 2x1GTS
Position = (480, -160, 0)
Scale = (1, 1, 1)
Rotation = 0
Color = (1, 1, 1)
Alpha = 1
Smoothing = false
Tiling = false

[SObj0187]
Name = DWallGTS
Position = (256, -448, 0)
Scale = (1, 1, 1)
Rotation = 0
Color = (1, 1, 1)
Alpha = 1
Smoothing = false
Tiling = false

[SObj0188]
Name = DWallGTS
Position = (256, -416, 0)
Scale = (1, 1, 1)
Rotation = 0
Color = (1, 1, 1)
Alpha = 1
Smoothing = false
Tiling = false

[SObj0189]
Name = DWallGTS
Position = (256, -352, 0)
Scale = (1, 1, 1)
Rotation = 0
Color = (1, 1, 1)
Alpha = 1
Smoothing = false
Tiling = false

[SObj0191]
Name = DWallGTS
Position = (256, -320, 0)
Scale = (1, 1, 1)
Rotation = 0
Color = (1, 1, 1)
Alpha = 1
Smoothing = false
Tiling = false

[SObj0001]
Name = LSlopeGTS
Position = (0, -384, 0)
Scale = (1, 1, 1)
Rotation = 0
Color = (1, 1, 1)
Alpha = 1
Smoothing = false
Tiling = false

[SObj0014]
Name = MushNPCOnSightFront
Position = (430, -366, 0)
Scale = (1, 1, 1)
Rotation = 0
Color = (1, 1, 1)
Alpha = 1
Smoothing = false
Tiling = false

[SObj0194]
Name = MushNPCAlwaysAttackFront
Position = (-352, -224, 0)
Scale = (1, 1, 1)
Rotation = 0
Color = (1, 1, 1)
Alpha = 1
Smoothing = false
Tiling = false

[SObj0197]
Name = MushNPCAlwaysAttackFront
Position = (-224, -224, 0)
Scale = (1, 1, 1)
Rotation = 0
Color = (1, 1, 1)
Alpha = 1
Smoothing = false
Tiling = false

[SObj0199]
Name = MushNPCPatrolFallOnSightReorient
Position = (494, -118, 0)
Scale = (1, 1, 1)
Rotation = -3.15283
Color = (1, 1, 1)
Alpha = 1
Smoothing = false
Tiling = false

[SObj0242]
Name = MushNPCPatrolFallOnSightReorient
Position = (480, -192, 0)
Scale = (1, 1, 1)
Rotation = 0
Color = (1, 1, 1)
Alpha = 1
Smoothing = false
Tiling = false

[SObj0013]
Name = DWallGTS
Position = (-544, -384, 0)
Scale = (1, 1, 1)
Rotation = 0
Color = (1, 1, 1)
Alpha = 1
Smoothing = false
Tiling = false

[SObj0066]
Name = DWallGTS
Position = (-544, -352, 0)
Scale = (1, 1, 1)
Rotation = 0
Color = (1, 1, 1)
Alpha = 1
Smoothing = false
Tiling = false

[SObj0095]
Name = DWallGTS
Position = (-544, -320, 0)
Scale = (1, 1, 1)
Rotation = 0
Color = (1, 1, 1)
Alpha = 1
Smoothing = false
Tiling = false

[SObj0105]
Name = DWallGTS
Position = (-544, -288, 0)
Scale = (1, 1, 1)
Rotation = 0
Color = (1, 1, 1)
Alpha = 1
Smoothing = false
Tiling = false

[SObj0109]
Name = DWallGTS
Position = (-544, -160, 0)
Scale = (1, 1, 1)
Rotation = 0
Color = (1, 1, 1)
Alpha = 1
Smoothing = false
Tiling = false

[SObj0110]
Name = DWallGTS
Position = (-544, -128, 0)
Scale = (1, 1, 1)
Rotation = 0
Color = (1, 1, 1)
Alpha = 1
Smoothing = false
Tiling = false

[SObj0111]
Name = DWallGTS
Position = (-544, -96, 0)
Scale = (1, 1, 1)
Rotation = 0
Color = (1, 1, 1)
Alpha = 1
Smoothing = false
Tiling = false

[SObj0112]
Name = DWallGTS
Position = (-544, -64, 0)
Scale = (1, 1, 1)
Rotation = 0
Color = (1, 1, 1)
Alpha = 1
Smoothing = false
Tiling = false

[SObj0113]
Name = DWallGTS
Position = (-544, -32, 0)
Scale = (1, 1, 1)
Rotation = 0
Color = (1, 1, 1)
Alpha = 1
Smoothing = false
Tiling = false

[SObj0133]
Name = 1x1GTS
Position = (1280, -480, 0)
Scale = (1, 1, 1)
Rotation = 0
Color = (1, 1, 1)
Alpha = 1
Smoothing = false
Tiling = false

[SObj0193]
Name = 2x1GTS
Position = (1248, -96, 0)
Scale = (1, 1, 1)
Rotation = 0
Color = (1, 1, 1)
Alpha = 1
Smoothing = false
Tiling = false

[SObj0198]
Name = 2x1GTS
Position = (1184, -96, 0)
Scale = (1, 1, 1)
Rotation = 0
Color = (1, 1, 1)
Alpha = 1
Smoothing = false
Tiling = false

[SObj0209]
Name = 2x1GTS
Position = (1120, -96, 0)
Scale = (1, 1, 1)
Rotation = 0
Color = (1, 1, 1)
Alpha = 1
Smoothing = false
Tiling = false

[SObj0210]
Name = 2x1GTS
Position = (1056, -96, 0)
Scale = (1, 1, 1)
Rotation = 0
Color = (1, 1, 1)
Alpha = 1
Smoothing = false
Tiling = false

[SObj0211]
Name = 2x1GTS
Position = (992, -96, 0)
Scale = (1, 1, 1)
Rotation = 0
Color = (1, 1, 1)
Alpha = 1
Smoothing = false
Tiling = false

[SObj0212]
Name = 2x1GTS
Position = (928, -96, 0)
Scale = (1, 1, 1)
Rotation = 0
Color = (1, 1, 1)
Alpha = 1
Smoothing = false
Tiling = false

[SObj0213]
Name = 2x1GTS
Position = (864, -96, 0)
Scale = (1, 1, 1)
Rotation = 0
Color = (1, 1, 1)
Alpha = 1
Smoothing = false
Tiling = false

[SObj0214]
Name = 2x1GTS
Position = (800, -96, 0)
Scale = (1, 1, 1)
Rotation = 0
Color = (1, 1, 1)
Alpha = 1
Smoothing = false
Tiling = false

[SObj0215]
Name = 2x1GTS
Position = (736, -96, 0)
Scale = (1, 1, 1)
Rotation = 0
Color = (1, 1, 1)
Alpha = 1
Smoothing = false
Tiling = false

[SObj0216]
Name = 2x1GTS
Position = (672, -96, 0)
Scale = (1, 1, 1)
Rotation = 0
Color = (1, 1, 1)
Alpha = 1
Smoothing = false
Tiling = false

[SObj0217]
Name = DWallGTS
Position = (672, -128, 0)
Scale = (1, 1, 1)
Rotation = 0
Color = (1, 1, 1)
Alpha = 1
Smoothing = false
Tiling = false

[SObj0219]
Name = DWallGTS
Position = (672, -256, 0)
Scale = (1, 1, 1)
Rotation = 0
Color = (1, 1, 1)
Alpha = 1
Smoothing = false
Tiling = false

[SObj0221]
Name = DWallGTS
Position = (672, -384, 0)
Scale = (1, 1, 1)
Rotation = 0
Color = (1, 1, 1)
Alpha = 1
Smoothing = false
Tiling = false

[SObj0114]
Name = LSlopeGTS
Position = (544, -512, 0)
Scale = (1, 1, 1)
Rotation = 0
Color = (1, 1, 1)
Alpha = 1
Smoothing = false
Tiling = false

[SObj0115]
Name = RSlopeGTS
Position = (704, -512, 0)
Scale = (1, 1, 1)
Rotation = 0
Color = (1, 1, 1)
Alpha = 1
Smoothing = false
Tiling = false

[SObj0116]
Name = 1x1GTS
Position = (608, -512, 0)
Scale = (1, 1, 1)
Rotation = 0
Color = (1, 1, 1)
Alpha = 1
Smoothing = false
Tiling = false

[SObj0117]
Name = 1x1GTS
Position = (640, -512, 0)
Scale = (1, 1, 1)
Rotation = 0
Color = (1, 1, 1)
Alpha = 1
Smoothing = false
Tiling = false

[SObj0118]
Name = 1x1GTS
Position = (672, -512, 0)
Scale = (1, 1, 1)
Rotation = 0
Color = (1, 1, 1)
Alpha = 1
Smoothing = false
Tiling = false

[SObj0119]
Name = 1x1GTS
Position = (672, -416, 0)
Scale = (1, 1, 1)
Rotation = 0
Color = (1, 1, 1)
Alpha = 1
Smoothing = false
Tiling = false

[SObj0120]
Name = 1x1GTS
Position = (672, -288, 0)
Scale = (1, 1, 1)
Rotation = 0
Color = (1, 1, 1)
Alpha = 1
Smoothing = false
Tiling = false

[SObj0224]
Name = 1x1GTS
Position = (704, -416, 0)
Scale = (1, 1, 1)
Rotation = 0
Color = (1, 1, 1)
Alpha = 1
Smoothing = false
Tiling = false

[SObj0225]
Name = 1x1GTS
Position = (736, -416, 0)
Scale = (1, 1, 1)
Rotation = 0
Color = (1, 1, 1)
Alpha = 1
Smoothing = false
Tiling = false

[SObj0226]
Name = 1x1GTS
Position = (768, -416, 0)
Scale = (1, 1, 1)
Rotation = 0
Color = (1, 1, 1)
Alpha = 1
Smoothing = false
Tiling = false

[SObj0227]
Name = 1x1GTS
Position = (704, -288, 0)
Scale = (1, 1, 1)
Rotation = 0
Color = (1, 1, 1)
Alpha = 1
Smoothing = false
Tiling = false

[SObj0228]
Name = 1x1GTS
Position = (736, -288, 0)
Scale = (1, 1, 1)
Rotation = 0
Color = (1, 1, 1)
Alpha = 1
Smoothing = false
Tiling = false

[SObj0229]
Name = 1x1GTS
Position = (768, -288, 0)
Scale = (1, 1, 1)
Rotation = 0
Color = (1, 1, 1)
Alpha = 1
Smoothing = false
Tiling = false

[SObj0230]
Name = 1x1GTS
Position = (800, -288, 0)
Scale = (1, 1, 1)
Rotation = 0
Color = (1, 1, 1)
Alpha = 1
Smoothing = false
Tiling = false

[SObj0231]
Name = 1x1GTS
Position = (832, -288, 0)
Scale = (1, 1, 1)
Rotation = 0
Color = (1, 1, 1)
Alpha = 1
Smoothing = false
Tiling = false

[SObj0232]
Name = 1x1GTS
Position = (800, -416, 0)
Scale = (1, 1, 1)
Rotation = 0
Color = (1, 1, 1)
Alpha = 1
Smoothing = false
Tiling = false

[SObj0233]
Name = 1x1GTS
Position = (832, -416, 0)
Scale = (1, 1, 1)
Rotation = 0
Color = (1, 1, 1)
Alpha = 1
Smoothing = false
Tiling = false

[SObj0234]
Name = 1x1GTS
Position = (864, -416, 0)
Scale = (1, 1, 1)
Rotation = 0
Color = (1, 1, 1)
Alpha = 1
Smoothing = false
Tiling = false

[SObj0235]
Name = 1x1GTS
Position = (896, -416, 0)
Scale = (1, 1, 1)
Rotation = 0
Color = (1, 1, 1)
Alpha = 1
Smoothing = false
Tiling = false

[SObj0236]
Name = 1x1GTS
Position = (864, -288, 0)
Scale = (1, 1, 1)
Rotation = 0
Color = (1, 1, 1)
Alpha = 1
Smoothing = false
Tiling = false

[SObj0237]
Name = 1x1GTS
Position = (896, -288, 0)
Scale = (1, 1, 1)
Rotation = 0
Color = (1, 1, 1)
Alpha = 1
Smoothing = false
Tiling = false

[SObj0248]
Name = MushNPCHideOnSightReorient
Position = (704, -192, 0)
Scale = (1, 1, 1)
Rotation = 0
Color = (1, 1, 1)
Alpha = 1
Smoothing = false
Tiling = false

[SObj0250]
Name = MushNPCHideOnSightReorient
Position = (898, -433, 0)
Scale = (1, 1, 1)
Rotation = -3.10387
Color = (1, 1, 1)
Alpha = 1
Smoothing = false
Tiling = false

[SObj0252]
Name = MushNPCOnSightFront
Position = (704, -320, 0)
Scale = (1, 1, 1)
Rotation = 0
Color = (1, 1, 1)
Alpha = 1
Smoothing = false
Tiling = false

[SObj0253]
Name = MushNPCOnSightFront
Position = (800, -434, 0)
Scale = (1, 1, 1)
Rotation = 0
Color = (1, 1, 1)
Alpha = 1
Smoothing = false
Tiling = false

[SObj0254]
Name = MushNPCOnSightFront
Position = (896, -192, 0)
Scale = (1, 1, 1)
Rotation = 0
Color = (1, 1, 1)
Alpha = 1
Smoothing = false
Tiling = false

[SObj0255]
Name = MushNPCAlwaysAttackFront
Position = (800, -192, 0)
Scale = (1, 1, 1)
Rotation = 0
Color = (1, 1, 1)
Alpha = 1
Smoothing = false
Tiling = false

[SObj0256]
Name = MushNPCAlwaysAttackFront
Position = (702, -435, 0)
Scale = (1, 1, 1)
Rotation = 0
Color = (1, 1, 1)
Alpha = 1
Smoothing = false
Tiling = false

[SObj0259]
Name = MushNPCAlwaysAttackFront
Position = (896, -320, 0)
Scale = (1, 1, 1)
Rotation = 0
Color = (1, 1, 1)
Alpha = 1
Smoothing = false
Tiling = false

[SObj0260]
Name = LCornerGTS
Position = (1056, -224, 0)
Scale = (1, 1, 1)
Rotation = 0
Color = (1, 1, 1)
Alpha = 1
Smoothing = false
Tiling = false

[SObj0261]
Name = LCornerGTS
Position = (1152, -352, 0)
Scale = (1, 1, 1)
Rotation = 0
Color = (1, 1, 1)
Alpha = 1
Smoothing = false
Tiling = false

[SObj0262]
Name = LSlopeGTS
Position = (1088, -256, 0)
Scale = (1, 1, 1)
Rotation = 0
Color = (1, 1, 1)
Alpha = 1
Smoothing = false
Tiling = false

[SObj0266]
Name = RSlopeGTS
Position = (1152, -256, 0)
Scale = (1, 1, 1)
Rotation = 0
Color = (1, 1, 1)
Alpha = 1
Smoothing = false
Tiling = false

[SObj0268]
Name = 2x1GTS
Position = (1216, -224, 0)
Scale = (1, 1, 1)
Rotation = 0
Color = (1, 1, 1)
Alpha = 1
Smoothing = false
Tiling = false

[SObj0269]
Name = 2x1GTS
Position = (1184, -352, 0)
Scale = (1, 1, 1)
Rotation = 0
Color = (1, 1, 1)
Alpha = 1
Smoothing = false
Tiling = false

[SObj0276]
Name = 2x1GTS
Position = (1216, -352, 0)
Scale = (1, 1, 1)
Rotation = 0
Color = (1, 1, 1)
Alpha = 1
Smoothing = false
Tiling = false

[SObj0277]
Name = MushUltraElite
Position = (1248, -384, 0)
Scale = (1, 1, 1)
Rotation = 0
Color = (1, 1, 1)
Alpha = 1
Smoothing = false
Tiling = false

[SObj0278]
Name = MushNPCAlwaysAttackFront
Position = (1216, -256, 0)
Scale = (1, 1, 1)
Rotation = 0
Color = (1, 1, 1)
Alpha = 1
Smoothing = false
Tiling = false

[SObj0279]
Name = MushNPCAlwaysAttackFront
Position = (1088, -256, 0)
Scale = (1, 1, 1)
Rotation = 0
Color = (1, 1, 1)
Alpha = 1
Smoothing = false
Tiling = false

[SObj0280]
Name = MushNPCPatrolFallOnSightReorient
Position = (1152, -288, 0)
Scale = (1, 1, 1)
Rotation = 0
Color = (1, 1, 1)
Alpha = 1
Smoothing = false
Tiling = false

[SObj0312]
Name = MushNPCAlwaysAttackFront
Position = (-372, -26, 0)
Scale = (1, 1, 1)
Rotation = 0
Color = (1, 1, 1)
Alpha = 1
Smoothing = false
Tiling = false

[SObj0313]
Name = MushNPCAlwaysAttackFront
Position = (-46, -115, 0)
Scale = (1, 1, 1)
Rotation = -3.14159
Color = (1, 1, 1)
Alpha = 1
Smoothing = false
Tiling = false

[SObj0005]
Name = LUndergroundGTS
Position = (-416, -160, 0)
Scale = (1, 1, 1)
Rotation = 0
Color = (1, 1, 1)
Alpha = 1
Smoothing = false
Tiling = false

[SObj0031]
Name = MUndergroundGTS
Position = (-384, -160, 0)
Scale = (1, 1, 1)
Rotation = 0
Color = (1, 1, 1)
Alpha = 1
Smoothing = false
Tiling = false

[SObj0042]
Name = MUndergroundGTS
Position = (-352, -160, 0)
Scale = (1, 1, 1)
Rotation = 0
Color = (1, 1, 1)
Alpha = 1
Smoothing = false
Tiling = false

[SObj0060]
Name = MUndergroundGTS
Position = (-320, -160, 0)
Scale = (1, 1, 1)
Rotation = 0
Color = (1, 1, 1)
Alpha = 1
Smoothing = false
Tiling = false

[SObj0062]
Name = MUndergroundGTS
Position = (-288, -160, 0)
Scale = (1, 1, 1)
Rotation = 0
Color = (1, 1, 1)
Alpha = 1
Smoothing = false
Tiling = false

[SObj0064]
Name = MUndergroundGTS
Position = (-224, -160, 0)
Scale = (1, 1, 1)
Rotation = 0
Color = (1, 1, 1)
Alpha = 1
Smoothing = false
Tiling = false

[SObj0314]
Name = MUndergroundGTS
Position = (-192, -160, 0)
Scale = (1, 1, 1)
Rotation = 0
Color = (1, 1, 1)
Alpha = 1
Smoothing = false
Tiling = false

[SObj0315]
Name = MUndergroundGTS
Position = (-160, -160, 0)
Scale = (1, 1, 1)
Rotation = 0
Color = (1, 1, 1)
Alpha = 1
Smoothing = false
Tiling = false

[SObj0318]
Name = MUndergroundGTS
Position = (-256, -160, 0)
Scale = (1, 1, 1)
Rotation = 0
Color = (1, 1, 1)
Alpha = 1
Smoothing = false
Tiling = false

[SObj0319]
Name = MUndergroundGTS
Position = (-128, -160, 0)
Scale = (1, 1, 1)
Rotation = 0
Color = (1, 1, 1)
Alpha = 1
Smoothing = false
Tiling = false

[SObj0320]
Name = MUndergroundGTS
Position = (-96, -160, 0)
Scale = (1, 1, 1)
Rotation = 0
Color = (1, 1, 1)
Alpha = 1
Smoothing = false
Tiling = false

[SObj0322]
Name = MUndergroundGTS
Position = (-64, -160, 0)
Scale = (1, 1, 1)
Rotation = 0
Color = (1, 1, 1)
Alpha = 1
Smoothing = false
Tiling = false

[SObj0323]
Name = MUndergroundGTS
Position = (-32, -160, 0)
Scale = (1, 1, 1)
Rotation = 0
Color = (1, 1, 1)
Alpha = 1
Smoothing = false
Tiling = false

[SObj0324]
Name = MUndergroundGTS
Position = (0, -160, 0)
Scale = (1, 1, 1)
Rotation = 0
Color = (1, 1, 1)
Alpha = 1
Smoothing = false
Tiling = false

[SObj0325]
Name = RUndergroundGTS
Position = (32, -160, 0)
Scale = (1, 1, 1)
Rotation = 0
Color = (1, 1, 1)
Alpha = 1
Smoothing = false
Tiling = false

[SObj0326]
Name = RSlopeGTS
Position = (-416, -224, 0)
Scale = (1, 1, 1)
Rotation = 0
Color = (1, 1, 1)
Alpha = 1
Smoothing = false
Tiling = false

[SObj0327]
Name = RSlopeGTS
Position = (-480, -256, 0)
Scale = (1, 1, 1)
Rotation = 0
Color = (1, 1, 1)
Alpha = 1
Smoothing = false
Tiling = false

[SObj0328]
Name = 1x1GTS
Position = (-512, -256, 0)
Scale = (1, 1, 1)
Rotation = 0
Color = (1, 1, 1)
Alpha = 1
Smoothing = false
Tiling = false

[SObj0281]
Name = MushroomSoldier
Position = (-397, -374, 0)
Scale = (1, 1, 1)
Rotation = 0
Color = (1, 1, 1)
Alpha = 1
Smoothing = false
Tiling = false

[SObj0063]
Name = 1x1GTS
Position = (-352, -192, 0)
Scale = (13, 1, 1)
Rotation = 0
Color = (1, 1, 1)
Alpha = 1
Smoothing = false
Tiling = true

[SObj0065]
Name = 2x1GTS
Position = (-544, 0, 0)
Scale = (12, 1, 1)
Rotation = 0
Color = (1, 1, 1)
Alpha = 1
Smoothing = false
Tiling = true

[SObj0067]
Name = 1x1GTS
Position = (192, -160, 0)
Scale = (1, 1, 1)
Rotation = 0
Color = (1, 1, 1)
Alpha = 1
Smoothing = false
Tiling = false

[SObj0068]
Name = RCornerGTS
Position = (224, -160, 0)
Scale = (1, 1, 1)
Rotation = 0
Color = (1, 1, 1)
Alpha = 1
Smoothing = false
Tiling = false

[SObj0069]
Name = LCornerGTS
Position = (160, -160, 0)
Scale = (1, 1, 1)
Rotation = 0
Color = (1, 1, 1)
Alpha = 1
Smoothing = false
Tiling = false

[SObj0070]
Name = 1x1GTS
Position = (672, -160, 0)
Scale = (1, 1, 1)
Rotation = 0
Color = (1, 1, 1)
Alpha = 1
Smoothing = false
Tiling = false

[SObj0090]
Name = 2x1GTS
Position = (704, -160, 0)
Scale = (4, 1, 1)
Rotation = 0
Color = (1, 1, 1)
Alpha = 1
Smoothing = false
Tiling = true

[SObj0091]
Name = 1x1GTS
Position = (1280, -224, 0)
Scale = (1, 1, 1)
Rotation = 0
Color = (1, 1, 1)
Alpha = 1
Smoothing = false
Tiling = false

[SObj0092]
Name = 1x1GTS
Position = (1280, -352, 0)
Scale = (1, 1, 1)
Rotation = 0
Color = (1, 1, 1)
Alpha = 1
Smoothing = false
Tiling = false

[SObj0093]
Name = LWallGTS
Position = (1280, -448, 0)
Scale = (1, 3, 1)
Rotation = 0
Color = (1, 1, 1)
Alpha = 1
Smoothing = false
Tiling = true

[SObj0094]
Name = LWallGTS
Position = (1280, -320, 0)
Scale = (1, 3, 1)
Rotation = 0
Color = (1, 1, 1)
Alpha = 1
Smoothing = false
Tiling = true

[SObj0096]
Name = LWallGTS
Position = (1280, -192, 0)
Scale = (1, 3, 1)
Rotation = 0
Color = (1, 1, 1)
Alpha = 1
Smoothing = false
Tiling = true

[SObj0099]
Name = MUndergroundGTS
Position = (608, -480, 0)
Scale = (3, 1, 1)
Rotation = 0
Color = (1, 1, 1)
Alpha = 1
Smoothing = false
Tiling = true

[SObj0097]
Name = MUndergroundGTS
Position = (-512, -192, 0)
Scale = (1, 1, 1)
Rotation = 0
Color = (1, 1, 1)
Alpha = 1
Smoothing = false
Tiling = false

[SObj0098]
Name = Ground2GTS
Position = (-512, -224, 0)
Scale = (1, 1, 1)
Rotation = 0
Color = (1, 1, 1)
Alpha = 1
Smoothing = false
Tiling = false

[SObj0100]
Name = MUndergroundGTS
Position = (-480, -192, 0)
Scale = (1, 1, 1)
Rotation = 0
Color = (1, 1, 1)
Alpha = 1
Smoothing = false
Tiling = false

[SObj0101]
Name = MUndergroundGTS
Position = (-448, -192, 0)
Scale = (1, 1, 1)
Rotation = 0
Color = (1, 1, 1)
Alpha = 1
Smoothing = false
Tiling = false

[SObj0102]
Name = 1x1GTS
Position = (-544, -256, 0)
Scale = (1, 1, 1)
Rotation = 0
Color = (1, 1, 1)
Alpha = 1
Smoothing = false
Tiling = false

[SObj0103]
Name = LWallGTS
Position = (-544, -224, 0)
Scale = (1, 1, 1)
Rotation = 0
Color = (1, 1, 1)
Alpha = 1
Smoothing = false
Tiling = false

[SObj0104]
Name = LWallGTS
Position = (-544, -192, 0)
Scale = (1, 1, 1)
Rotation = 0
Color = (1, 1, 1)
Alpha = 1
Smoothing = false
Tiling = false

[SObj0106]
Name = 2x1GTS
Position = (768, -480, 0)
Scale = (8, 1, 1)
Rotation = 0
Color = (1, 1, 1)
Alpha = 1
Smoothing = false
Tiling = true

[SObj0107]
Name = 2x1GTS
Position = (-512, -480, 0)
Scale = (12, 1, 1)
Rotation = 0
Color = (1, 1, 1)
Alpha = 1
Smoothing = false
Tiling = true

[SObj0108]
Name = 2x1GTS
Position = (288, -480, 0)
Scale = (4, 1, 1)
Rotation = 0
Color = (1, 1, 1)
Alpha = 1
Smoothing = false
Tiling = true

[SObj0121]
Name = BGSunSet
Position = (-6048, -4288, 4)
Scale = (20, 20, 1)
Rotation = 0
Color = (1, 1, 1)
Alpha = 1
Smoothing = false
Tiling = false

