[ScrollEd]
EncryptSave = false
LayerIndex = 4

[Map]
CameraPosition = (104.754, -252.512, -4.5)
CameraZoom = 0.999999
Differential = true
LayerNumber = 9
ObjectNumber = 73

[SObj0006]
Name = Tree1
Position = (97, 7, 0)
Scale = (1, 1, 1)
Rotation = 0
Color = (1, 1, 1)
Alpha = 1
Smoothing = false
Tiling = false

[SObj0007]
Name = Tree1
Position = (-352, 0, 0)
Scale = (1, 1, 1)
Rotation = 0
Color = (1, 1, 1)
Alpha = 1
Smoothing = false
Tiling = false

[SObj0008]
Name = Tree1
Position = (448, 6, 0)
Scale = (1, 1, 1)
Rotation = 0
Color = (1, 1, 1)
Alpha = 1
Smoothing = false
Tiling = false

[SObj0010]
Name = Tree2
Position = (256, 0, 0)
Scale = (1, 1, 1)
Rotation = 0
Color = (1, 1, 1)
Alpha = 1
Smoothing = false
Tiling = false

[SObj0011]
Name = Tree2
Position = (-224, 0, 0)
Scale = (1, 1, 1)
Rotation = 0
Color = (1, 1, 1)
Alpha = 1
Smoothing = false
Tiling = false

[SObj0013]
Name = RuralHouse4
Position = (400, 0, 0)
Scale = (1, 1, 1)
Rotation = 0
Color = (1, 1, 1)
Alpha = 1
Smoothing = false
Tiling = false

[SObj0014]
Name = RuralHouse3
Position = (352, 0, 0)
Scale = (1, 1, 1)
Rotation = 0
Color = (1, 1, 1)
Alpha = 1
Smoothing = false
Tiling = false

[SObj0016]
Name = StoneHouse5
Position = (-448, 0, 0)
Scale = (1, 1, 1)
Rotation = 0
Color = (1, 1, 1)
Alpha = 1
Smoothing = false
Tiling = false

[SObj0017]
Name = StoneHouse4
Position = (-112, 0, 0)
Scale = (1, 1, 1)
Rotation = 0
Color = (1, 1, 1)
Alpha = 1
Smoothing = false
Tiling = false

[SObj0000]
Name = StoneHouse1
Position = (-176, 0, 1)
Scale = (1, 1, 1)
Rotation = 0
Color = (1, 1, 1)
Alpha = 1
Smoothing = false
Tiling = false

[SObj0001]
Name = StoneHouse2
Position = (256, 0, 1)
Scale = (1, 1, 1)
Rotation = 0
Color = (1, 1, 1)
Alpha = 1
Smoothing = false
Tiling = false

[SObj0012]
Name = RuralHouse5
Position = (736, 0, 1)
Scale = (1, 1, 1)
Rotation = 0
Color = (1, 1, 1)
Alpha = 1
Smoothing = false
Tiling = false

[SObj0015]
Name = RuralHouse6
Position = (928, 0, 1)
Scale = (1, 1, 1)
Rotation = 0
Color = (1, 1, 1)
Alpha = 1
Smoothing = false
Tiling = false

[SObj0019]
Name = RuralHouse7
Position = (528, 0, 1)
Scale = (1, 1, 1)
Rotation = 0
Color = (1, 1, 1)
Alpha = 1
Smoothing = false
Tiling = false

[SObj0020]
Name = RuralStatue1
Position = (640, 0, 2)
Scale = (1, 1, 1)
Rotation = 0
Color = (1, 1, 1)
Alpha = 1
Smoothing = false
Tiling = false

[SObj0021]
Name = RuralStatue2
Position = (832, 0, 2)
Scale = (1, 1, 1)
Rotation = 0
Color = (1, 1, 1)
Alpha = 1
Smoothing = false
Tiling = false

[SObj0022]
Name = RandomForest1
Position = (46, 487, -4)
Scale = (1, 1, 1)
Rotation = 0
Color = (1, 1, 1)
Alpha = 0.5
Smoothing = false
Tiling = false

[SObj0024]
Name = RCornerGTS
Position = (1040, 0, 0)
Scale = (1, 1, 1)
Rotation = 0
Color = (1, 1, 1)
Alpha = 1
Smoothing = false
Tiling = false

[SObj0025]
Name = RCornerGTS
Position = (-256, -160, 0)
Scale = (1, 1, 1)
Rotation = 0
Color = (1, 1, 1)
Alpha = 1
Smoothing = false
Tiling = false

[SObj0026]
Name = 2x1GTS
Position = (-320, -160, 0)
Scale = (1, 1, 1)
Rotation = 0
Color = (1, 1, 1)
Alpha = 1
Smoothing = false
Tiling = false

[SObj0027]
Name = LCornerGTS
Position = (-352, -160, 0)
Scale = (1, 1, 1)
Rotation = 0
Color = (1, 1, 1)
Alpha = 1
Smoothing = false
Tiling = false

[SObj0028]
Name = LCornerGTS
Position = (64, -256, 0)
Scale = (1, 1, 1)
Rotation = 0
Color = (1, 1, 1)
Alpha = 1
Smoothing = false
Tiling = false

[SObj0029]
Name = 2x1GTS
Position = (96, -256, 0)
Scale = (3, 1, 1)
Rotation = 0
Color = (1, 1, 1)
Alpha = 1
Smoothing = false
Tiling = true

[SObj0030]
Name = RCornerGTS
Position = (288, -256, 0)
Scale = (1, 1, 1)
Rotation = 0
Color = (1, 1, 1)
Alpha = 1
Smoothing = false
Tiling = false

[SObj0031]
Name = DWallGTS
Position = (192, -160, 0)
Scale = (1, 5, 1)
Rotation = 0
Color = (1, 1, 1)
Alpha = 1
Smoothing = false
Tiling = true

[SObj0032]
Name = Ground1GTS
Position = (-480, 32, 0)
Scale = (59, 1, 1)
Rotation = 0
Color = (1, 1, 1)
Alpha = 1
Smoothing = false
Tiling = true

[SObj0033]
Name = Ground2GTS
Position = (-1119, 64, 0)
Scale = (79, 4, 1)
Rotation = 0
Color = (1, 1, 1)
Alpha = 1
Smoothing = false
Tiling = false

[SObj0034]
Name = 1x1GTS
Position = (-480, 0, 0)
Scale = (60, 1, 1)
Rotation = 0
Color = (1, 1, 1)
Alpha = 1
Smoothing = false
Tiling = true

[SObj0023]
Name = RWallGTS
Position = (-512, -800, 0)
Scale = (1, 26, 1)
Rotation = 0
Color = (1, 1, 1)
Alpha = 1
Smoothing = false
Tiling = true

[SObj0035]
Name = Ground2GTS
Position = (-1120, -800, 0)
Scale = (19, 26, 1)
Rotation = 0
Color = (1, 1, 1)
Alpha = 1
Smoothing = false
Tiling = false

[SObj0036]
Name = Ground2GTS
Position = (-1120, 32, 0)
Scale = (20, 1, 1)
Rotation = 0
Color = (1, 1, 1)
Alpha = 1
Smoothing = false
Tiling = false

[SObj0037]
Name = RandomForest1
Position = (-464, 480, -4)
Scale = (1, 1, 1)
Rotation = 0
Color = (1, 1, 1)
Alpha = 0.5
Smoothing = false
Tiling = false

[SObj0038]
Name = RandomForest1
Position = (320, 480, -4)
Scale = (1, 1, 1)
Rotation = 0
Color = (1, 1, 1)
Alpha = 0.5
Smoothing = false
Tiling = false

[SObj0039]
Name = RandomForest1
Position = (608, 480, -4)
Scale = (1, 1, 1)
Rotation = 0
Color = (1, 1, 1)
Alpha = 0.5
Smoothing = false
Tiling = false

[SObj0040]
Name = RandomForest1
Position = (832, 480, -4)
Scale = (1, 1, 1)
Rotation = 0
Color = (1, 1, 1)
Alpha = 0.5
Smoothing = false
Tiling = false

[SObj0041]
Name = RandomForest1
Position = (1248, 480, -4)
Scale = (1, 1, 1)
Rotation = 0
Color = (1, 1, 1)
Alpha = 0.5
Smoothing = false
Tiling = false

[SObj0004]
Name = RuralStatue2
Position = (-48, 0, 3)
Scale = (1, 1, 1)
Rotation = 0
Color = (1, 1, 1)
Alpha = 1
Smoothing = false
Tiling = false

[SObj0005]
Name = RuralStatue5
Position = (160, 0, 3)
Scale = (1, 1, 1)
Rotation = 0
Color = (1, 1, 1)
Alpha = 1
Smoothing = false
Tiling = false

[SObj0018]
Name = RuralStatue6
Position = (320, 0, 3)
Scale = (1, 1, 1)
Rotation = 0
Color = (1, 1, 1)
Alpha = 1
Smoothing = false
Tiling = false

[SObj0003]
Name = Bush2
Position = (-394, 0, 0)
Scale = (1, 1, 1)
Rotation = 0
Color = (1, 1, 1)
Alpha = 1
Smoothing = false
Tiling = false

[SObj0042]
Name = Bush4
Position = (-205, 0, 0)
Scale = (1, 1, 1)
Rotation = 0
Color = (1, 1, 1)
Alpha = 1
Smoothing = false
Tiling = false

[SObj0043]
Name = Bush5
Position = (272, 0, 0)
Scale = (1, 1, 1)
Rotation = 0
Color = (1, 1, 1)
Alpha = 1
Smoothing = false
Tiling = false

[SObj0044]
Name = Tree3
Position = (-32, 0, 0)
Scale = (1, 1, 1)
Rotation = 0
Color = (1, 1, 1)
Alpha = 1
Smoothing = false
Tiling = false

[SObj0045]
Name = Tree4
Position = (592, 0, 1)
Scale = (1, 1, 1)
Rotation = 0
Color = (1, 1, 1)
Alpha = 1
Smoothing = false
Tiling = false

[SObj0046]
Name = Tree3
Position = (864, 0, 1)
Scale = (1, 1, 1)
Rotation = 0
Color = (1, 1, 1)
Alpha = 1
Smoothing = false
Tiling = false

[SObj0047]
Name = Tree2
Position = (1056, 0, 1)
Scale = (1, 1, 1)
Rotation = 0
Color = (1, 1, 1)
Alpha = 1
Smoothing = false
Tiling = false

[SObj0048]
Name = Tree1
Position = (1168, 0, 1)
Scale = (1, 1, 1)
Rotation = 0
Color = (1, 1, 1)
Alpha = 1
Smoothing = false
Tiling = false

[SObj0049]
Name = Tree2
Position = (1312, 0, 0)
Scale = (1, 1, 1)
Rotation = 0
Color = (1, 1, 1)
Alpha = 1
Smoothing = false
Tiling = false

[SObj0050]
Name = Tree3
Position = (1072, 0, 0)
Scale = (1, 1, 1)
Rotation = 0
Color = (1, 1, 1)
Alpha = 1
Smoothing = false
Tiling = false

[SObj0051]
Name = Bush1
Position = (1040, 0, 0)
Scale = (1, 1, 1)
Rotation = 0
Color = (1, 1, 1)
Alpha = 1
Smoothing = false
Tiling = false

[SObj0052]
Name = Bush1
Position = (1248, 0, 0)
Scale = (1, 1, 1)
Rotation = 0
Color = (1, 1, 1)
Alpha = 1
Smoothing = false
Tiling = false

[SObj0055]
Name = RCornerGTS
Position = (1440, 0, 0)
Scale = (1, 1, 1)
Rotation = 0
Color = (1, 1, 1)
Alpha = 1
Smoothing = false
Tiling = false

[SObj0062]
Name = RWallGTS
Position = (1408, 32, 0)
Scale = (1, 5, 1)
Rotation = 0
Color = (1, 1, 1)
Alpha = 1
Smoothing = false
Tiling = true

[SObj0053]
Name = MushNPCAlwaysAttackFront
Position = (-260, -176, 0)
Scale = (1, 1, 1)
Rotation = 0
Color = (1, 1, 1)
Alpha = 1
Smoothing = false
Tiling = false

[SObj0064]
Name = MushNPCOnSightFront
Position = (-281, -176, 0)
Scale = (1, 1, 1)
Rotation = 0
Color = (1, 1, 1)
Alpha = 1
Smoothing = false
Tiling = false

[SObj0065]
Name = MushNPCHideOnSightReorient
Position = (208, -175, 0)
Scale = (1, 1, 1)
Rotation = 0
Color = (1, 1, 1)
Alpha = 1
Smoothing = false
Tiling = false

[SObj0067]
Name = 2x1GTS
Position = (576, -160, 0)
Scale = (1, 1, 1)
Rotation = 0
Color = (1, 1, 1)
Alpha = 1
Smoothing = false
Tiling = false

[SObj0068]
Name = RCornerGTS
Position = (640, -160, 0)
Scale = (1, 1, 1)
Rotation = 0
Color = (1, 1, 1)
Alpha = 1
Smoothing = false
Tiling = false

[SObj0069]
Name = LCornerGTS
Position = (544, -160, 0)
Scale = (1, 1, 1)
Rotation = 0
Color = (1, 1, 1)
Alpha = 1
Smoothing = false
Tiling = false

[SObj0070]
Name = 2x1GTS
Position = (480, -352, 0)
Scale = (3, 1, 1)
Rotation = 0
Color = (1, 1, 1)
Alpha = 1
Smoothing = false
Tiling = true

[SObj0071]
Name = LCornerGTS
Position = (448, -352, 0)
Scale = (1, 1, 1)
Rotation = 0
Color = (1, 1, 1)
Alpha = 1
Smoothing = false
Tiling = false

[SObj0072]
Name = RCornerGTS
Position = (672, -352, 0)
Scale = (1, 1, 1)
Rotation = 0
Color = (1, 1, 1)
Alpha = 1
Smoothing = false
Tiling = false

[SObj0073]
Name = MushNPCPatrolOnSightReorient
Position = (594, -367, 0)
Scale = (1, 1, 1)
Rotation = 0
Color = (1, 1, 1)
Alpha = 1
Smoothing = false
Tiling = false

[SObj0074]
Name = MushNPCPatrolOnSightReorient
Position = (-83, -16, 0)
Scale = (1, 1, 1)
Rotation = 0
Color = (1, 1, 1)
Alpha = 1
Smoothing = false
Tiling = false

[SObj0054]
Name = MushNPCPatrolFallOnSightReorient
Position = (-305, -176, 0)
Scale = (1, 1, 1)
Rotation = 0
Color = (1, 1, 1)
Alpha = 1
Smoothing = false
Tiling = false

[SObj0002]
Name = BGSunRise
Position = (-5920, -7904, 4)
Scale = (38, 31, 1)
Rotation = 0
Color = (1, 1, 1)
Alpha = 1
Smoothing = false
Tiling = false

[SObj0056]
Name = MushNPCHomingPatrolOnSightReorient
Position = (469, -17, 0)
Scale = (1, 1, 1)
Rotation = 0
Color = (1, 1, 1)
Alpha = 1
Smoothing = false
Tiling = false

[SObj0057]
Name = MushNPCElitePatrol
Position = (610, -178, 0)
Scale = (1, 1, 1)
Rotation = 0
Color = (1, 1, 1)
Alpha = 1
Smoothing = false
Tiling = false

[SObj0058]
Name = DWallGTS
Position = (832, -96, 0)
Scale = (1, 3, 1)
Rotation = 0
Color = (1, 1, 1)
Alpha = 1
Smoothing = false
Tiling = true

[SObj0059]
Name = MushNPCHideOnSightReorient
Position = (1417, -17, 0)
Scale = (-1, 1, 1)
Rotation = 0
Color = (1, 1, 1)
Alpha = 1
Smoothing = false
Tiling = false

[SObj0060]
Name = MushroomSoldierSpecial
Position = (203, -273, 0)
Scale = (1, 1, 1)
Rotation = 0
Color = (1, 1, 1)
Alpha = 1
Smoothing = false
Tiling = false

[SObj0009]
Name = RuralHouse5
Position = (-253, -160, 0)
Scale = (1, 1, 1)
Rotation = 0
Color = (1, 1, 1)
Alpha = 1
Smoothing = false
Tiling = false

[SObj0061]
Name = StoneHouse3
Position = (-327, 1, 1)
Scale = (1, 1, 1)
Rotation = 0
Color = (1, 1, 1)
Alpha = 1
Smoothing = false
Tiling = false

