[ScrollEd]
EncryptSave = false
LayerIndex = 4

[Map]
CameraPosition = (-190.884, -251.683, -4.5)
CameraZoom = 0.999999
Differential = true
LayerNumber = 9
ObjectNumber = 101

[SObj0008]
Name = Ground1GTS
Position = (-480, 32, 0)
Scale = (13, 1, 1)
Rotation = 0
Color = (1, 1, 1)
Alpha = 1
Smoothing = false
Tiling = true

[SObj0002]
Name = BGSunRise
Position = (-6240, -5888, 4)
Scale = (28, 31, 1)
Rotation = 0
Color = (1, 1, 1)
Alpha = 1
Smoothing = true
Tiling = false

[SObj0000]
Name = LCornerGTS
Position = (-544, 0, 0)
Scale = (1, 1, 1)
Rotation = 0
Color = (1, 1, 1)
Alpha = 1
Smoothing = false
Tiling = false

[SObj0004]
Name = 1x1GTS
Position = (-512, 0, 0)
Scale = (14, 1, 1)
Rotation = 0
Color = (1, 1, 1)
Alpha = 1
Smoothing = false
Tiling = true

[SObj0001]
Name = LWallGTS
Position = (-512, 32, 0)
Scale = (1, 4, 1)
Rotation = 0
Color = (1, 1, 1)
Alpha = 1
Smoothing = false
Tiling = true

[SObj0006]
Name = Ground2GTS
Position = (-480, 64, 0)
Scale = (16, 3, 1)
Rotation = 0
Color = (1, 1, 1)
Alpha = 1
Smoothing = false
Tiling = false

[SObj0019]
Name = 1x1GTS
Position = (64, -64, 0)
Scale = (17, 1, 1)
Rotation = 0
Color = (1, 1, 1)
Alpha = 1
Smoothing = false
Tiling = true

[SObj0022]
Name = RCornerGTS
Position = (608, -64, 0)
Scale = (1, 1, 1)
Rotation = 0
Color = (1, 1, 1)
Alpha = 1
Smoothing = false
Tiling = false

[SObj0024]
Name = Ground1GTS
Position = (64, -32, 0)
Scale = (16, 1, 1)
Rotation = 0
Color = (1, 1, 1)
Alpha = 1
Smoothing = false
Tiling = true

[SObj0026]
Name = Ground2GTS
Position = (32, 0, 0)
Scale = (17, 5, 1)
Rotation = 0
Color = (1, 1, 1)
Alpha = 1
Smoothing = false
Tiling = false

[SObj0027]
Name = RWallGTS
Position = (576, -32, 0)
Scale = (1, 6, 1)
Rotation = 0
Color = (1, 1, 1)
Alpha = 1
Smoothing = false
Tiling = true

[SObj0039]
Name = 2x1GTS
Position = (640, -256, 0)
Scale = (2, 1, 1)
Rotation = 0
Color = (1, 1, 1)
Alpha = 1
Smoothing = false
Tiling = true

[SObj0040]
Name = RCornerGTS
Position = (768, -256, 0)
Scale = (1, 1, 1)
Rotation = 0
Color = (1, 1, 1)
Alpha = 1
Smoothing = false
Tiling = false

[SObj0041]
Name = LCornerGTS
Position = (608, -256, 0)
Scale = (1, 1, 1)
Rotation = 0
Color = (1, 1, 1)
Alpha = 1
Smoothing = false
Tiling = false

[SObj0005]
Name = LSlopeGTS
Position = (0, -64, 0)
Scale = (1, 1, 1)
Rotation = 0
Color = (1, 1, 1)
Alpha = 1
Smoothing = false
Tiling = false

[SObj0007]
Name = LSlopeGTS
Position = (-64, -32, 0)
Scale = (1, 1, 1)
Rotation = 0
Color = (1, 1, 1)
Alpha = 1
Smoothing = false
Tiling = false

[SObj0009]
Name = Ground2GTS
Position = (0, 0, 0)
Scale = (1, 1, 1)
Rotation = 0
Color = (1, 1, 1)
Alpha = 1
Smoothing = false
Tiling = false

[SObj0010]
Name = Ground2GTS
Position = (-64, 32, 0)
Scale = (3, 1, 1)
Rotation = 0
Color = (1, 1, 1)
Alpha = 1
Smoothing = false
Tiling = false

[SObj0011]
Name = 2x1GTS
Position = (480, -448, 0)
Scale = (2, 1, 1)
Rotation = 0
Color = (1, 1, 1)
Alpha = 1
Smoothing = false
Tiling = true

[SObj0012]
Name = 2x1GTS
Position = (320, -640, 0)
Scale = (2, 1, 1)
Rotation = 0
Color = (1, 1, 1)
Alpha = 1
Smoothing = false
Tiling = true

[SObj0013]
Name = 2x1GTS
Position = (448, -768, 0)
Scale = (2, 1, 1)
Rotation = 0
Color = (1, 1, 1)
Alpha = 1
Smoothing = false
Tiling = true

[SObj0014]
Name = 2x1GTS
Position = (224, -928, 0)
Scale = (2, 1, 1)
Rotation = 0
Color = (1, 1, 1)
Alpha = 1
Smoothing = false
Tiling = true

[SObj0015]
Name = 2x1GTS
Position = (-352, -1056, 0)
Scale = (7, 1, 1)
Rotation = 0
Color = (1, 1, 1)
Alpha = 1
Smoothing = false
Tiling = true

[SObj0016]
Name = 2x1GTS
Position = (-512, -928, 0)
Scale = (2, 1, 1)
Rotation = 0
Color = (1, 1, 1)
Alpha = 1
Smoothing = false
Tiling = true

[SObj0017]
Name = 2x1GTS
Position = (-864, -800, 0)
Scale = (2, 1, 1)
Rotation = 0
Color = (1, 1, 1)
Alpha = 1
Smoothing = false
Tiling = true

[SObj0018]
Name = 2x1GTS
Position = (-704, -640, 0)
Scale = (2, 1, 1)
Rotation = 0
Color = (1, 1, 1)
Alpha = 1
Smoothing = false
Tiling = true

[SObj0020]
Name = 2x1GTS
Position = (-512, -480, 0)
Scale = (2, 1, 1)
Rotation = 0
Color = (1, 1, 1)
Alpha = 1
Smoothing = false
Tiling = true

[SObj0021]
Name = 2x1GTS
Position = (-640, -288, 0)
Scale = (2, 1, 1)
Rotation = 0
Color = (1, 1, 1)
Alpha = 1
Smoothing = false
Tiling = true

[SObj0023]
Name = 2x1GTS
Position = (-448, -160, 0)
Scale = (2, 1, 1)
Rotation = 0
Color = (1, 1, 1)
Alpha = 1
Smoothing = false
Tiling = true

[SObj0025]
Name = MushNPCPatrolOnSightReorient
Position = (709, -271, 0)
Scale = (1, 1, 1)
Rotation = 0
Color = (1, 1, 1)
Alpha = 1
Smoothing = false
Tiling = false

[SObj0028]
Name = RCornerGTS
Position = (608, -448, 0)
Scale = (1, 1, 1)
Rotation = 0
Color = (1, 1, 1)
Alpha = 1
Smoothing = false
Tiling = false

[SObj0029]
Name = RCornerGTS
Position = (448, -640, 0)
Scale = (1, 1, 1)
Rotation = 0
Color = (1, 1, 1)
Alpha = 1
Smoothing = false
Tiling = false

[SObj0030]
Name = RCornerGTS
Position = (576, -768, 0)
Scale = (1, 1, 1)
Rotation = 0
Color = (1, 1, 1)
Alpha = 1
Smoothing = false
Tiling = false

[SObj0031]
Name = RCornerGTS
Position = (352, -928, 0)
Scale = (1, 1, 1)
Rotation = 0
Color = (1, 1, 1)
Alpha = 1
Smoothing = false
Tiling = false

[SObj0032]
Name = RCornerGTS
Position = (96, -1056, 0)
Scale = (1, 1, 1)
Rotation = 0
Color = (1, 1, 1)
Alpha = 1
Smoothing = false
Tiling = false

[SObj0033]
Name = RCornerGTS
Position = (-384, -928, 0)
Scale = (1, 1, 1)
Rotation = 0
Color = (1, 1, 1)
Alpha = 1
Smoothing = false
Tiling = false

[SObj0034]
Name = RCornerGTS
Position = (-736, -800, 0)
Scale = (1, 1, 1)
Rotation = 0
Color = (1, 1, 1)
Alpha = 1
Smoothing = false
Tiling = false

[SObj0035]
Name = RCornerGTS
Position = (-576, -640, 0)
Scale = (1, 1, 1)
Rotation = 0
Color = (1, 1, 1)
Alpha = 1
Smoothing = false
Tiling = false

[SObj0036]
Name = RCornerGTS
Position = (-384, -480, 0)
Scale = (1, 1, 1)
Rotation = 0
Color = (1, 1, 1)
Alpha = 1
Smoothing = false
Tiling = false

[SObj0037]
Name = RCornerGTS
Position = (-512, -288, 0)
Scale = (1, 1, 1)
Rotation = 0
Color = (1, 1, 1)
Alpha = 1
Smoothing = false
Tiling = false

[SObj0038]
Name = RCornerGTS
Position = (-320, -160, 0)
Scale = (1, 1, 1)
Rotation = 0
Color = (1, 1, 1)
Alpha = 1
Smoothing = false
Tiling = false

[SObj0042]
Name = LCornerGTS
Position = (448, -448, 0)
Scale = (1, 1, 1)
Rotation = 0
Color = (1, 1, 1)
Alpha = 1
Smoothing = false
Tiling = false

[SObj0043]
Name = LCornerGTS
Position = (288, -640, 0)
Scale = (1, 1, 1)
Rotation = 0
Color = (1, 1, 1)
Alpha = 1
Smoothing = false
Tiling = false

[SObj0044]
Name = LCornerGTS
Position = (416, -768, 0)
Scale = (1, 1, 1)
Rotation = 0
Color = (1, 1, 1)
Alpha = 1
Smoothing = false
Tiling = false

[SObj0045]
Name = LCornerGTS
Position = (192, -928, 0)
Scale = (1, 1, 1)
Rotation = 0
Color = (1, 1, 1)
Alpha = 1
Smoothing = false
Tiling = false

[SObj0046]
Name = LCornerGTS
Position = (-384, -1056, 0)
Scale = (1, 1, 1)
Rotation = 0
Color = (1, 1, 1)
Alpha = 1
Smoothing = false
Tiling = false

[SObj0047]
Name = LCornerGTS
Position = (-544, -928, 0)
Scale = (1, 1, 1)
Rotation = 0
Color = (1, 1, 1)
Alpha = 1
Smoothing = false
Tiling = false

[SObj0048]
Name = LCornerGTS
Position = (-896, -800, 0)
Scale = (1, 1, 1)
Rotation = 0
Color = (1, 1, 1)
Alpha = 1
Smoothing = false
Tiling = false

[SObj0049]
Name = LCornerGTS
Position = (-736, -640, 0)
Scale = (1, 1, 1)
Rotation = 0
Color = (1, 1, 1)
Alpha = 1
Smoothing = false
Tiling = false

[SObj0050]
Name = LCornerGTS
Position = (-544, -480, 0)
Scale = (1, 1, 1)
Rotation = 0
Color = (1, 1, 1)
Alpha = 1
Smoothing = false
Tiling = false

[SObj0051]
Name = LCornerGTS
Position = (-672, -288, 0)
Scale = (1, 1, 1)
Rotation = 0
Color = (1, 1, 1)
Alpha = 1
Smoothing = false
Tiling = false

[SObj0052]
Name = LCornerGTS
Position = (-480, -160, 0)
Scale = (1, 1, 1)
Rotation = 0
Color = (1, 1, 1)
Alpha = 1
Smoothing = false
Tiling = false

[SObj0053]
Name = MushUltraElite
Position = (-442, -945, 0)
Scale = (1, 1, 1)
Rotation = 0
Color = (1, 1, 1)
Alpha = 1
Smoothing = false
Tiling = false

[SObj0054]
Name = MushNPCElitePatrol
Position = (-138, -1074, 0)
Scale = (1, 1, 1)
Rotation = 0
Color = (1, 1, 1)
Alpha = 1
Smoothing = false
Tiling = false

[SObj0055]
Name = MushNPCOnSightReorient
Position = (519, -785, 0)
Scale = (-1, 1, 1)
Rotation = 0
Color = (1, 1, 1)
Alpha = 1
Smoothing = false
Tiling = false

[SObj0056]
Name = NPCVisionWall
Position = (544, -864, 0)
Scale = (1, 3, 1)
Rotation = 0
Color = (1, 1, 1)
Alpha = 1
Smoothing = false
Tiling = false

[SObj0057]
Name = MushNPCHomingOnSightReorient
Position = (500, -81, 0)
Scale = (-1, 1, 1)
Rotation = 0
Color = (1, 1, 1)
Alpha = 1
Smoothing = false
Tiling = false

[SObj0058]
Name = MushNPCHideOnSightReorient
Position = (-684, -657, 0)
Scale = (1, 1, 1)
Rotation = 0
Color = (1, 1, 1)
Alpha = 1
Smoothing = false
Tiling = false

[SObj0059]
Name = MushNPCPatrolOnSightReorient
Position = (208, -80, 0)
Scale = (1, 1, 1)
Rotation = 0
Color = (1, 1, 1)
Alpha = 1
Smoothing = false
Tiling = false

[SObj0060]
Name = MushNPCPatrolOnSightReorient
Position = (621, -80, 0)
Scale = (1, 1, 1)
Rotation = 0
Color = (1, 1, 1)
Alpha = 1
Smoothing = false
Tiling = false

[SObj0061]
Name = NPCVisionWall
Position = (32, -96, 0)
Scale = (1, 1, 1)
Rotation = 0
Color = (1, 1, 1)
Alpha = 1
Smoothing = false
Tiling = false

[SObj0062]
Name = MushNPCAlwaysAttackFront
Position = (-562, -304, 0)
Scale = (1, 1, 1)
Rotation = 0
Color = (1, 1, 1)
Alpha = 1
Smoothing = false
Tiling = false

[SObj0063]
Name = StoneHouse4
Position = (500, -63, 0)
Scale = (1, 1, 1)
Rotation = 0
Color = (1, 1, 1)
Alpha = 1
Smoothing = false
Tiling = false

[SObj0064]
Name = MushroomSoldierSpecial
Position = (-286, -16, 0)
Scale = (1, 1, 1)
Rotation = 0
Color = (1, 1, 1)
Alpha = 1
Smoothing = false
Tiling = false

[SObj0066]
Name = Tree2
Position = (556, -805, 0)
Scale = (1, 1, 1)
Rotation = 0
Color = (1, 1, 1)
Alpha = 1
Smoothing = false
Tiling = false

[SObj0067]
Name = Tree2
Position = (569, -812, 0)
Scale = (1, 1, 1)
Rotation = 0
Color = (1, 1, 1)
Alpha = 1
Smoothing = false
Tiling = false

[SObj0068]
Name = RuralHouse7
Position = (578, -770, 0)
Scale = (1, 1, 1)
Rotation = 0
Color = (1, 1, 1)
Alpha = 1
Smoothing = false
Tiling = false

[SObj0069]
Name = Tree1
Position = (555, -764, 0)
Scale = (1, 1, 1)
Rotation = 0
Color = (1, 1, 1)
Alpha = 1
Smoothing = false
Tiling = false

[SObj0070]
Name = Bush4
Position = (46, -72, 0)
Scale = (1, 1, 1)
Rotation = 0
Color = (1, 1, 1)
Alpha = 1
Smoothing = false
Tiling = false

[SObj0071]
Name = Bush4
Position = (59, -64, 0)
Scale = (1, 1, 1)
Rotation = 0
Color = (1, 1, 1)
Alpha = 1
Smoothing = false
Tiling = false

[SObj0072]
Name = Bush5
Position = (43, -60, 0)
Scale = (1, 1, 1)
Rotation = 0
Color = (1, 1, 1)
Alpha = 1
Smoothing = false
Tiling = false

[SObj0003]
Name = RuralHouse5
Position = (223, -927, 0)
Scale = (1, 1, 1)
Rotation = 0
Color = (1, 1, 1)
Alpha = 1
Smoothing = false
Tiling = false

[SObj0065]
Name = RandomForest1
Position = (-346, 1, 0)
Scale = (1, 1, 1)
Rotation = 0
Color = (1, 1, 1)
Alpha = 1
Smoothing = false
Tiling = false

[SObj0073]
Name = RandomForest1
Position = (-385, 3, 1)
Scale = (1, 1, 1)
Rotation = 0
Color = (1, 1, 1)
Alpha = 1
Smoothing = false
Tiling = false

[SObj0074]
Name = RandomForest1
Position = (-263, 2, 1)
Scale = (1, 1, 1)
Rotation = 0
Color = (1, 1, 1)
Alpha = 1
Smoothing = false
Tiling = false

[SObj0075]
Name = Tree1
Position = (-433, -158, 0)
Scale = (1, 1, 1)
Rotation = 0
Color = (1, 1, 1)
Alpha = 1
Smoothing = false
Tiling = false

[SObj0076]
Name = Bush5
Position = (-412, -161, 0)
Scale = (1, 1, 1)
Rotation = 0
Color = (1, 1, 1)
Alpha = 1
Smoothing = false
Tiling = false

[SObj0077]
Name = Tree3
Position = (-450, -158, 0)
Scale = (1, 1, 1)
Rotation = 0
Color = (1, 1, 1)
Alpha = 1
Smoothing = false
Tiling = false

[SObj0078]
Name = Tree3
Position = (-594, -285, 0)
Scale = (1, 1, 1)
Rotation = 0
Color = (1, 1, 1)
Alpha = 1
Smoothing = false
Tiling = false

[SObj0079]
Name = Tree3
Position = (-388, -478, 0)
Scale = (1, 1, 1)
Rotation = 0
Color = (1, 1, 1)
Alpha = 1
Smoothing = false
Tiling = false

[SObj0080]
Name = Tree4
Position = (-409, -477, 0)
Scale = (1, 1, 1)
Rotation = 0
Color = (1, 1, 1)
Alpha = 1
Smoothing = false
Tiling = false

[SObj0081]
Name = Tree4
Position = (-374, -479, 0)
Scale = (1, 1, 1)
Rotation = 0
Color = (1, 1, 1)
Alpha = 1
Smoothing = false
Tiling = false

[SObj0082]
Name = Bush4
Position = (-394, -476, 0)
Scale = (1, 1, 1)
Rotation = 0
Color = (1, 1, 1)
Alpha = 1
Smoothing = false
Tiling = false

[SObj0083]
Name = Bush1
Position = (-716, -639, 0)
Scale = (1, 1, 1)
Rotation = 0
Color = (1, 1, 1)
Alpha = 1
Smoothing = false
Tiling = false

[SObj0084]
Name = Tree2
Position = (-867, -797, 0)
Scale = (1, 1, 1)
Rotation = 0
Color = (1, 1, 1)
Alpha = 1
Smoothing = false
Tiling = false

[SObj0085]
Name = Tree2
Position = (-855, -799, 0)
Scale = (1, 1, 1)
Rotation = 0
Color = (1, 1, 1)
Alpha = 1
Smoothing = false
Tiling = false

[SObj0086]
Name = Tree3
Position = (-861, -791, 0)
Scale = (1, 1, 1)
Rotation = 0
Color = (1, 1, 1)
Alpha = 1
Smoothing = false
Tiling = false

[SObj0087]
Name = Tree1
Position = (-255, -1051, 0)
Scale = (1, 1, 1)
Rotation = 0
Color = (1, 1, 1)
Alpha = 1
Smoothing = false
Tiling = false

[SObj0088]
Name = Tree2
Position = (-230, -1053, 0)
Scale = (1, 1, 1)
Rotation = 0
Color = (1, 1, 1)
Alpha = 1
Smoothing = false
Tiling = false

[SObj0089]
Name = Tree2
Position = (256, -928, 0)
Scale = (1, 1, 1)
Rotation = 0
Color = (1, 1, 1)
Alpha = 1
Smoothing = false
Tiling = false

[SObj0090]
Name = RuralHouse3
Position = (-213, -1056, 0)
Scale = (1, 1, 1)
Rotation = 0
Color = (1, 1, 1)
Alpha = 1
Smoothing = false
Tiling = false

[SObj0091]
Name = RuralHouse3
Position = (381, -638, 0)
Scale = (1, 1, 1)
Rotation = 0
Color = (1, 1, 1)
Alpha = 1
Smoothing = false
Tiling = false

[SObj0092]
Name = RuralHouse4
Position = (512, -449, 0)
Scale = (1, 1, 1)
Rotation = 0
Color = (1, 1, 1)
Alpha = 1
Smoothing = false
Tiling = false

[SObj0093]
Name = Tree1
Position = (403, -636, 0)
Scale = (1, 1, 1)
Rotation = 0
Color = (1, 1, 1)
Alpha = 1
Smoothing = false
Tiling = false

[SObj0094]
Name = Tree2
Position = (493, -446, 0)
Scale = (1, 1, 1)
Rotation = 0
Color = (1, 1, 1)
Alpha = 1
Smoothing = false
Tiling = false

[SObj0095]
Name = Bush5
Position = (776, -255, 0)
Scale = (1, 1, 1)
Rotation = 0
Color = (1, 1, 1)
Alpha = 1
Smoothing = false
Tiling = false

[SObj0096]
Name = Bush5
Position = (763, -258, 0)
Scale = (1, 1, 1)
Rotation = 0
Color = (1, 1, 1)
Alpha = 1
Smoothing = false
Tiling = false

[SObj0097]
Name = Bush5
Position = (519, -62, 0)
Scale = (1, 1, 1)
Rotation = 0
Color = (1, 1, 1)
Alpha = 1
Smoothing = false
Tiling = false

[SObj0098]
Name = Tree1
Position = (277, -58, 0)
Scale = (1, 1, 1)
Rotation = 0
Color = (1, 1, 1)
Alpha = 1
Smoothing = false
Tiling = false

[SObj0099]
Name = Tree2
Position = (302, -60, 1)
Scale = (1, 1, 1)
Rotation = 0
Color = (1, 1, 1)
Alpha = 1
Smoothing = false
Tiling = false

[SObj0100]
Name = Tree3
Position = (322, -58, 1)
Scale = (1, 1, 1)
Rotation = 0
Color = (1, 1, 1)
Alpha = 1
Smoothing = false
Tiling = false

