[ScrollEd]
EncryptSave = false
LayerIndex = 4

[Map]
CameraPosition = (-201.221, -252.646, -4.5)
CameraZoom = 1
Differential = true
LayerNumber = 9
ObjectNumber = 63

[SObj0008]
Name = Ground1LTS
Position = (-384, 32, 0)
Scale = (11, 1, 1)
Rotation = 0
Color = (1, 1, 1)
Alpha = 1
Smoothing = false
Tiling = true

[SObj0002]
Name = BGSunSet
Position = (-6344, -5925, 4)
Scale = (30, 30, 1)
Rotation = 0
Color = (1, 1, 1)
Alpha = 1
Smoothing = true
Tiling = false

[SObj0004]
Name = 1x1LTS
Position = (-416, 0, 0)
Scale = (13, 1, 1)
Rotation = 0
Color = (1, 1, 1)
Alpha = 1
Smoothing = false
Tiling = true

[SObj0001]
Name = LWallLTS
Position = (-416, 32, 0)
Scale = (1, 4, 1)
Rotation = 0
Color = (1, 1, 1)
Alpha = 1
Smoothing = false
Tiling = true

[SObj0006]
Name = Ground2LTS
Position = (-384, 64, 0)
Scale = (11, 3, 1)
Rotation = 0
Color = (1, 1, 1)
Alpha = 1
Smoothing = false
Tiling = false

[SObj0009]
Name = 2x1LTS
Position = (-224, -160, 0)
Scale = (2, 1, 1)
Rotation = 0
Color = (1, 1, 1)
Alpha = 1
Smoothing = false
Tiling = true

[SObj0010]
Name = LCornerLTS
Position = (-256, -160, 0)
Scale = (1, 1, 1)
Rotation = 0
Color = (1, 1, 1)
Alpha = 1
Smoothing = false
Tiling = false

[SObj0011]
Name = RCornerLTS
Position = (-96, -160, 0)
Scale = (1, 1, 1)
Rotation = 0
Color = (1, 1, 1)
Alpha = 1
Smoothing = false
Tiling = false

[SObj0012]
Name = 1x1LTS
Position = (0, -288, 0)
Scale = (11, 1, 1)
Rotation = 0
Color = (1, 1, 1)
Alpha = 1
Smoothing = false
Tiling = true

[SObj0013]
Name = Ground1LTS
Position = (32, -256, 0)
Scale = (9, 1, 1)
Rotation = 0
Color = (1, 1, 1)
Alpha = 1
Smoothing = false
Tiling = true

[SObj0014]
Name = RUndergroundLTS
Position = (320, -256, 0)
Scale = (1, 1, 1)
Rotation = 0
Color = (1, 1, 1)
Alpha = 1
Smoothing = false
Tiling = false

[SObj0015]
Name = RUndergroundLTS
Position = (288, -224, 0)
Scale = (1, 1, 1)
Rotation = 0
Color = (1, 1, 1)
Alpha = 1
Smoothing = false
Tiling = false

[SObj0016]
Name = MUndergroundLTS
Position = (64, -224, 0)
Scale = (7, 1, 1)
Rotation = 0
Color = (1, 1, 1)
Alpha = 1
Smoothing = false
Tiling = true

[SObj0019]
Name = 1x1LTS
Position = (64, -64, 0)
Scale = (17, 1, 1)
Rotation = 0
Color = (1, 1, 1)
Alpha = 1
Smoothing = false
Tiling = true

[SObj0020]
Name = MushNPCPatrolOnSightReorient
Position = (643, -240, 0)
Scale = (1, 1, 1)
Rotation = 0
Color = (1, 1, 1)
Alpha = 1
Smoothing = false
Tiling = false

[SObj0021]
Name = MushNPCPatrolOnSightReorient
Position = (188, -79, 0)
Scale = (1, 1, 1)
Rotation = 0
Color = (1, 1, 1)
Alpha = 1
Smoothing = false
Tiling = false

[SObj0022]
Name = RCornerLTS
Position = (608, -64, 0)
Scale = (1, 1, 1)
Rotation = 0
Color = (1, 1, 1)
Alpha = 1
Smoothing = false
Tiling = false

[SObj0024]
Name = Ground1LTS
Position = (96, -32, 0)
Scale = (15, 1, 1)
Rotation = 0
Color = (1, 1, 1)
Alpha = 1
Smoothing = false
Tiling = true

[SObj0026]
Name = Ground2LTS
Position = (96, 0, 0)
Scale = (15, 5, 1)
Rotation = 0
Color = (1, 1, 1)
Alpha = 1
Smoothing = false
Tiling = false

[SObj0027]
Name = RWallLTS
Position = (576, -32, 0)
Scale = (1, 6, 1)
Rotation = 0
Color = (1, 1, 1)
Alpha = 1
Smoothing = false
Tiling = true

[SObj0028]
Name = RCornerLTS
Position = (352, -288, 0)
Scale = (1, 1, 1)
Rotation = 0
Color = (1, 1, 1)
Alpha = 1
Smoothing = false
Tiling = false

[SObj0029]
Name = LCornerLTS
Position = (-32, -288, 0)
Scale = (1, 1, 1)
Rotation = 0
Color = (1, 1, 1)
Alpha = 1
Smoothing = false
Tiling = false

[SObj0030]
Name = 2x1LTS
Position = (480, -224, 0)
Scale = (3, 1, 1)
Rotation = 0
Color = (1, 1, 1)
Alpha = 1
Smoothing = false
Tiling = true

[SObj0031]
Name = LCornerLTS
Position = (448, -224, 0)
Scale = (1, 1, 1)
Rotation = 0
Color = (1, 1, 1)
Alpha = 1
Smoothing = false
Tiling = false

[SObj0032]
Name = RCornerLTS
Position = (672, -224, 0)
Scale = (1, 1, 1)
Rotation = 0
Color = (1, 1, 1)
Alpha = 1
Smoothing = false
Tiling = false

[SObj0023]
Name = 2x1LTS
Position = (-224, -448, 0)
Scale = (1, 1, 1)
Rotation = 0
Color = (1, 1, 1)
Alpha = 1
Smoothing = false
Tiling = true

[SObj0033]
Name = MushNPCHomingOnSightReorient
Position = (-139, -464, 0)
Scale = (1, 1, 1)
Rotation = 0
Color = (1, 1, 1)
Alpha = 1
Smoothing = false
Tiling = false

[SObj0035]
Name = DWallLTS
Position = (192, -352, 0)
Scale = (1, 2, 1)
Rotation = 0
Color = (1, 1, 1)
Alpha = 1
Smoothing = false
Tiling = true

[SObj0036]
Name = 2x1LTS
Position = (288, -448, 0)
Scale = (2, 1, 1)
Rotation = 0
Color = (1, 1, 1)
Alpha = 1
Smoothing = false
Tiling = true

[SObj0037]
Name = MushNPCPatrolOnSightReorient
Position = (-100, -177, 0)
Scale = (1, 1, 1)
Rotation = 0
Color = (1, 1, 1)
Alpha = 1
Smoothing = false
Tiling = false

[SObj0005]
Name = LUndergroundLTS
Position = (0, -256, 0)
Scale = (1, 1, 1)
Rotation = 0
Color = (1, 1, 1)
Alpha = 1
Smoothing = false
Tiling = false

[SObj0007]
Name = LUndergroundLTS
Position = (32, -224, 0)
Scale = (1, 1, 1)
Rotation = 0
Color = (1, 1, 1)
Alpha = 1
Smoothing = false
Tiling = false

[SObj0017]
Name = RCornerLTS
Position = (0, 0, 0)
Scale = (1, 1, 1)
Rotation = 0
Color = (1, 1, 1)
Alpha = 1
Smoothing = false
Tiling = false

[SObj0018]
Name = RWallLTS
Position = (-32, 32, 0)
Scale = (1, 4, 1)
Rotation = 0
Color = (1, 1, 1)
Alpha = 1
Smoothing = false
Tiling = true

[SObj0034]
Name = MushNPCPatrolOnSightReorient
Position = (77, -306, 0)
Scale = (-1, 1, 1)
Rotation = 0
Color = (1, 1, 1)
Alpha = 1
Smoothing = false
Tiling = false

[SObj0025]
Name = LCornerLTS
Position = (32, -64, 0)
Scale = (1, 1, 1)
Rotation = 0
Color = (1, 1, 1)
Alpha = 1
Smoothing = false
Tiling = false

[SObj0038]
Name = LWallLTS
Position = (64, -32, 0)
Scale = (1, 6, 1)
Rotation = 0
Color = (1, 1, 1)
Alpha = 1
Smoothing = false
Tiling = true

[SObj0039]
Name = LCornerLTS
Position = (256, -448, 0)
Scale = (1, 1, 1)
Rotation = 0
Color = (1, 1, 1)
Alpha = 1
Smoothing = false
Tiling = false

[SObj0040]
Name = LCornerLTS
Position = (-256, -448, 0)
Scale = (1, 1, 1)
Rotation = 0
Color = (1, 1, 1)
Alpha = 1
Smoothing = false
Tiling = false

[SObj0041]
Name = RCornerLTS
Position = (416, -448, 0)
Scale = (1, 1, 1)
Rotation = 0
Color = (1, 1, 1)
Alpha = 1
Smoothing = false
Tiling = false

[SObj0042]
Name = RCornerLTS
Position = (-160, -448, 0)
Scale = (1, 1, 1)
Rotation = 0
Color = (1, 1, 1)
Alpha = 1
Smoothing = false
Tiling = false

[SObj0043]
Name = 2x1LTS
Position = (64, -608, 0)
Scale = (2, 1, 1)
Rotation = 0
Color = (1, 1, 1)
Alpha = 1
Smoothing = false
Tiling = true

[SObj0044]
Name = RCornerLTS
Position = (192, -608, 0)
Scale = (1, 1, 1)
Rotation = 0
Color = (1, 1, 1)
Alpha = 1
Smoothing = false
Tiling = false

[SObj0045]
Name = LCornerLTS
Position = (32, -608, 0)
Scale = (1, 1, 1)
Rotation = 0
Color = (1, 1, 1)
Alpha = 1
Smoothing = false
Tiling = false

[SObj0000]
Name = LCornerLTS
Position = (-448, 0, 0)
Scale = (1, 1, 1)
Rotation = 0
Color = (1, 1, 1)
Alpha = 1
Smoothing = false
Tiling = false

[SObj0046]
Name = StoneHouse3
Position = (-395, 1, 0)
Scale = (1, 1, 1)
Rotation = 0
Color = (1, 1, 1)
Alpha = 1
Smoothing = false
Tiling = false

[SObj0047]
Name = StoneHouse4
Position = (596, -64, 0)
Scale = (1, 1, 1)
Rotation = 0
Color = (1, 1, 1)
Alpha = 1
Smoothing = false
Tiling = false

[SObj0048]
Name = RuralHouse7
Position = (78, -610, 0)
Scale = (1, 1, 1)
Rotation = 0
Color = (1, 1, 1)
Alpha = 1
Smoothing = false
Tiling = false

[SObj0049]
Name = RealTree3
Position = (-181, -160, 0)
Scale = (1, 1, 1)
Rotation = 0
Color = (1, 1, 1)
Alpha = 1
Smoothing = false
Tiling = false

[SObj0050]
Name = RealTree4
Position = (-193, -448, 0)
Scale = (1, 1, 1)
Rotation = 0
Color = (1, 1, 1)
Alpha = 1
Smoothing = false
Tiling = false

[SObj0051]
Name = RealTree6
Position = (210, -352, 0)
Scale = (1, 1, 1)
Rotation = 0
Color = (1, 1, 1)
Alpha = 1
Smoothing = false
Tiling = false

[SObj0052]
Name = RuralStatue4
Position = (413, -450, 0)
Scale = (1, 1, 1)
Rotation = 0
Color = (1, 1, 1)
Alpha = 1
Smoothing = false
Tiling = false

[SObj0053]
Name = Bush1
Position = (397, -445, 0)
Scale = (1, 1, 1)
Rotation = 0
Color = (1, 1, 1)
Alpha = 1
Smoothing = false
Tiling = false

[SObj0054]
Name = Bush2
Position = (106, -605, 0)
Scale = (1, 1, 1)
Rotation = 0
Color = (1, 1, 1)
Alpha = 1
Smoothing = false
Tiling = false

[SObj0055]
Name = Bush4
Position = (49, -606, 0)
Scale = (1, 1, 1)
Rotation = 0
Color = (1, 1, 1)
Alpha = 1
Smoothing = false
Tiling = false

[SObj0056]
Name = RealTree5
Position = (562, -224, 0)
Scale = (1, 1, 1)
Rotation = 0
Color = (1, 1, 1)
Alpha = 1
Smoothing = false
Tiling = false

[SObj0057]
Name = Bush4
Position = (616, -63, 0)
Scale = (1, 1, 1)
Rotation = 0
Color = (1, 1, 1)
Alpha = 1
Smoothing = false
Tiling = false

[SObj0058]
Name = Bush5
Position = (118, -64, 0)
Scale = (1, 1, 1)
Rotation = 0
Color = (1, 1, 1)
Alpha = 1
Smoothing = false
Tiling = false

[SObj0059]
Name = Bush5
Position = (133, -66, 0)
Scale = (1, 1, 1)
Rotation = 0
Color = (1, 1, 1)
Alpha = 1
Smoothing = false
Tiling = false

[SObj0060]
Name = Tree1
Position = (-432, 3, 0)
Scale = (1, 1, 1)
Rotation = 0
Color = (1, 1, 1)
Alpha = 1
Smoothing = false
Tiling = false

[SObj0061]
Name = StoneHouse2
Position = (351, -58, 1)
Scale = (1, 1, 1)
Rotation = 0
Color = (1, 1, 1)
Alpha = 1
Smoothing = false
Tiling = false

[SObj0062]
Name = StoneHouse3
Position = (174, -285, 1)
Scale = (1, 1, 1)
Rotation = 0
Color = (1, 1, 1)
Alpha = 1
Smoothing = false
Tiling = false

[SObj0063]
Name = MushroomSoldier
Position = (-291, -17, 0)
Scale = (1, 1, 1)
Rotation = 0
Color = (1, 1, 1)
Alpha = 1
Smoothing = false
Tiling = false

