[ScrollEd]
EncryptSave = false
LayerIndex = 4

[Map]
CameraPosition = (-182.68, -248.359, -4.5)
CameraZoom = 1
Differential = true
LayerNumber = 9
ObjectNumber = 123

[SObj0008]
Name = Ground1STS
Position = (-320, 32, 0)
Scale = (24, 1, 1)
Rotation = 0
Color = (1, 1, 1)
Alpha = 1
Smoothing = false
Tiling = true

[SObj0002]
Name = BGNight
Position = (-6272, -5970, 4)
Scale = (30, 30, 1)
Rotation = 0
Color = (1, 1, 1)
Alpha = 1
Smoothing = true
Tiling = false

[SObj0000]
Name = LCornerSTS
Position = (-384, 0, 0)
Scale = (1, 1, 1)
Rotation = 0
Color = (1, 1, 1)
Alpha = 1
Smoothing = false
Tiling = false

[SObj0004]
Name = 1x1STS
Position = (-352, 0, 0)
Scale = (25, 1, 1)
Rotation = 0
Color = (1, 1, 1)
Alpha = 1
Smoothing = false
Tiling = true

[SObj0001]
Name = LWallSTS
Position = (-352, 32, 0)
Scale = (1, 4, 1)
Rotation = 0
Color = (1, 1, 1)
Alpha = 1
Smoothing = false
Tiling = true

[SObj0006]
Name = Ground2STS
Position = (-320, 64, 0)
Scale = (24, 3, 1)
Rotation = 0
Color = (1, 1, 1)
Alpha = 1
Smoothing = false
Tiling = false

[SObj0005]
Name = LSlopeSTS
Position = (448, -32, 0)
Scale = (1, 1, 1)
Rotation = 0
Color = (1, 1, 1)
Alpha = 1
Smoothing = false
Tiling = false

[SObj0007]
Name = LSlopeSTS
Position = (512, -64, 0)
Scale = (1, 1, 1)
Rotation = 0
Color = (1, 1, 1)
Alpha = 1
Smoothing = false
Tiling = false

[SObj0009]
Name = LSlopeSTS
Position = (576, -96, 0)
Scale = (1, 1, 1)
Rotation = 0
Color = (1, 1, 1)
Alpha = 1
Smoothing = false
Tiling = false

[SObj0010]
Name = LSlopeSTS
Position = (640, -128, 0)
Scale = (1, 1, 1)
Rotation = 0
Color = (1, 1, 1)
Alpha = 1
Smoothing = false
Tiling = false

[SObj0011]
Name = LSlopeSTS
Position = (704, -160, 0)
Scale = (1, 1, 1)
Rotation = 0
Color = (1, 1, 1)
Alpha = 1
Smoothing = false
Tiling = false

[SObj0012]
Name = 1x1STS
Position = (768, -160, 0)
Scale = (32, 1, 1)
Rotation = 0
Color = (1, 1, 1)
Alpha = 1
Smoothing = false
Tiling = true

[SObj0014]
Name = RSlopeSTS
Position = (1056, -384, 0)
Scale = (1, 1, 1)
Rotation = 0
Color = (1, 1, 1)
Alpha = 1
Smoothing = false
Tiling = false

[SObj0015]
Name = RSlopeSTS
Position = (992, -416, 0)
Scale = (1, 1, 1)
Rotation = 0
Color = (1, 1, 1)
Alpha = 1
Smoothing = false
Tiling = false

[SObj0016]
Name = RSlopeSTS
Position = (928, -448, 0)
Scale = (1, 1, 1)
Rotation = 0
Color = (1, 1, 1)
Alpha = 1
Smoothing = false
Tiling = false

[SObj0017]
Name = RSlopeSTS
Position = (864, -480, 0)
Scale = (1, 1, 1)
Rotation = 0
Color = (1, 1, 1)
Alpha = 1
Smoothing = false
Tiling = false

[SObj0018]
Name = RSlopeSTS
Position = (800, -512, 0)
Scale = (1, 1, 1)
Rotation = 0
Color = (1, 1, 1)
Alpha = 1
Smoothing = false
Tiling = false

[SObj0020]
Name = LCornerSTS
Position = (-256, -512, 0)
Scale = (1, 1, 1)
Rotation = 0
Color = (1, 1, 1)
Alpha = 1
Smoothing = false
Tiling = false

[SObj0021]
Name = 2x1STS
Position = (-320, -672, 0)
Scale = (2, 1, 1)
Rotation = 0
Color = (1, 1, 1)
Alpha = 1
Smoothing = false
Tiling = true

[SObj0023]
Name = 2x1STS
Position = (544, -640, 0)
Scale = (2, 1, 1)
Rotation = 0
Color = (1, 1, 1)
Alpha = 1
Smoothing = false
Tiling = true

[SObj0024]
Name = 2x1STS
Position = (288, -864, 0)
Scale = (2, 1, 1)
Rotation = 0
Color = (1, 1, 1)
Alpha = 1
Smoothing = false
Tiling = true

[SObj0025]
Name = 2x1STS
Position = (-224, -864, 0)
Scale = (3, 1, 1)
Rotation = 0
Color = (1, 1, 1)
Alpha = 1
Smoothing = false
Tiling = true

[SObj0026]
Name = LCornerSTS
Position = (-352, -672, 0)
Scale = (1, 1, 1)
Rotation = 0
Color = (1, 1, 1)
Alpha = 1
Smoothing = false
Tiling = false

[SObj0027]
Name = LCornerSTS
Position = (-256, -864, 0)
Scale = (1, 1, 1)
Rotation = 0
Color = (1, 1, 1)
Alpha = 1
Smoothing = false
Tiling = false

[SObj0029]
Name = LCornerSTS
Position = (256, -864, 0)
Scale = (1, 1, 1)
Rotation = 0
Color = (1, 1, 1)
Alpha = 1
Smoothing = false
Tiling = false

[SObj0030]
Name = LCornerSTS
Position = (512, -640, 0)
Scale = (1, 1, 1)
Rotation = 0
Color = (1, 1, 1)
Alpha = 1
Smoothing = false
Tiling = false

[SObj0031]
Name = RCornerSTS
Position = (1792, -160, 0)
Scale = (1, 1, 1)
Rotation = 0
Color = (1, 1, 1)
Alpha = 1
Smoothing = false
Tiling = false

[SObj0032]
Name = RCornerSTS
Position = (1632, -352, 0)
Scale = (1, 1, 1)
Rotation = 0
Color = (1, 1, 1)
Alpha = 1
Smoothing = false
Tiling = false

[SObj0033]
Name = RCornerSTS
Position = (672, -640, 0)
Scale = (1, 1, 1)
Rotation = 0
Color = (1, 1, 1)
Alpha = 1
Smoothing = false
Tiling = false

[SObj0034]
Name = RCornerSTS
Position = (416, -864, 0)
Scale = (1, 1, 1)
Rotation = 0
Color = (1, 1, 1)
Alpha = 1
Smoothing = false
Tiling = false

[SObj0036]
Name = RCornerSTS
Position = (-32, -864, 0)
Scale = (1, 1, 1)
Rotation = 0
Color = (1, 1, 1)
Alpha = 1
Smoothing = false
Tiling = false

[SObj0037]
Name = RCornerSTS
Position = (-192, -672, 0)
Scale = (1, 1, 1)
Rotation = 0
Color = (1, 1, 1)
Alpha = 1
Smoothing = false
Tiling = false

[SObj0038]
Name = Ground2STS
Position = (448, 32, 0)
Scale = (2, 4, 1)
Rotation = 0
Color = (1, 1, 1)
Alpha = 1
Smoothing = false
Tiling = false

[SObj0039]
Name = Ground2STS
Position = (512, 0, 0)
Scale = (2, 5, 1)
Rotation = 0
Color = (1, 1, 1)
Alpha = 1
Smoothing = false
Tiling = false

[SObj0040]
Name = Ground2STS
Position = (576, -32, 0)
Scale = (2, 6, 1)
Rotation = 0
Color = (1, 1, 1)
Alpha = 1
Smoothing = false
Tiling = false

[SObj0041]
Name = Ground2STS
Position = (640, -64, 0)
Scale = (2, 7, 1)
Rotation = 0
Color = (1, 1, 1)
Alpha = 1
Smoothing = false
Tiling = false

[SObj0042]
Name = Ground2STS
Position = (704, -96, 0)
Scale = (2, 8, 1)
Rotation = 0
Color = (1, 1, 1)
Alpha = 1
Smoothing = false
Tiling = false

[SObj0043]
Name = Ground2STS
Position = (768, -128, 0)
Scale = (31, 9, 1)
Rotation = 0
Color = (1, 1, 1)
Alpha = 1
Smoothing = false
Tiling = false

[SObj0044]
Name = RWallSTS
Position = (1760, -128, 0)
Scale = (1, 9, 1)
Rotation = 0
Color = (1, 1, 1)
Alpha = 1
Smoothing = false
Tiling = true

[SObj0013]
Name = 1x1STS
Position = (-224, -512, 0)
Scale = (32, 1, 1)
Rotation = 0
Color = (1, 1, 1)
Alpha = 1
Smoothing = false
Tiling = true

[SObj0003]
Name = 1x1STS
Position = (1120, -352, 0)
Scale = (16, 1, 1)
Rotation = 0
Color = (1, 1, 1)
Alpha = 1
Smoothing = false
Tiling = true

[SObj0019]
Name = RUndergroundSTS
Position = (1600, -320, 0)
Scale = (1, 1, 1)
Rotation = 0
Color = (1, 1, 1)
Alpha = 1
Smoothing = false
Tiling = false

[SObj0046]
Name = MUndergroundSTS
Position = (1056, -320, 0)
Scale = (17, 1, 1)
Rotation = 0
Color = (1, 1, 1)
Alpha = 1
Smoothing = false
Tiling = true

[SObj0047]
Name = LUndergroundSTS
Position = (1024, -320, 0)
Scale = (1, 1, 1)
Rotation = 0
Color = (1, 1, 1)
Alpha = 1
Smoothing = false
Tiling = false

[SObj0048]
Name = LUndergroundSTS
Position = (960, -352, 0)
Scale = (1, 1, 1)
Rotation = 0
Color = (1, 1, 1)
Alpha = 1
Smoothing = false
Tiling = false

[SObj0049]
Name = LUndergroundSTS
Position = (896, -384, 0)
Scale = (1, 1, 1)
Rotation = 0
Color = (1, 1, 1)
Alpha = 1
Smoothing = false
Tiling = false

[SObj0050]
Name = LUndergroundSTS
Position = (832, -416, 0)
Scale = (1, 1, 1)
Rotation = 0
Color = (1, 1, 1)
Alpha = 1
Smoothing = false
Tiling = false

[SObj0051]
Name = LUndergroundSTS
Position = (768, -448, 0)
Scale = (1, 1, 1)
Rotation = 0
Color = (1, 1, 1)
Alpha = 1
Smoothing = false
Tiling = false

[SObj0052]
Name = MUndergroundSTS
Position = (-192, -480, 0)
Scale = (30, 1, 1)
Rotation = 0
Color = (1, 1, 1)
Alpha = 1
Smoothing = false
Tiling = true

[SObj0053]
Name = Ground1STS
Position = (768, -480, 0)
Scale = (1, 1, 1)
Rotation = 0
Color = (1, 1, 1)
Alpha = 1
Smoothing = false
Tiling = false

[SObj0054]
Name = Ground1STS
Position = (832, -448, 0)
Scale = (1, 1, 1)
Rotation = 0
Color = (1, 1, 1)
Alpha = 1
Smoothing = false
Tiling = false

[SObj0055]
Name = Ground1STS
Position = (896, -416, 0)
Scale = (1, 1, 1)
Rotation = 0
Color = (1, 1, 1)
Alpha = 1
Smoothing = false
Tiling = false

[SObj0056]
Name = Ground1STS
Position = (960, -384, 0)
Scale = (1, 1, 1)
Rotation = 0
Color = (1, 1, 1)
Alpha = 1
Smoothing = false
Tiling = false

[SObj0057]
Name = Ground1STS
Position = (1024, -352, 0)
Scale = (1, 1, 1)
Rotation = 0
Color = (1, 1, 1)
Alpha = 1
Smoothing = false
Tiling = false

[SObj0058]
Name = MUndergroundSTS
Position = (992, -352, 0)
Scale = (1, 1, 1)
Rotation = 0
Color = (1, 1, 1)
Alpha = 1
Smoothing = false
Tiling = false

[SObj0059]
Name = MUndergroundSTS
Position = (928, -384, 0)
Scale = (1, 1, 1)
Rotation = 0
Color = (1, 1, 1)
Alpha = 1
Smoothing = false
Tiling = false

[SObj0060]
Name = MUndergroundSTS
Position = (864, -416, 0)
Scale = (1, 1, 1)
Rotation = 0
Color = (1, 1, 1)
Alpha = 1
Smoothing = false
Tiling = false

[SObj0061]
Name = MUndergroundSTS
Position = (800, -448, 0)
Scale = (1, 1, 1)
Rotation = 0
Color = (1, 1, 1)
Alpha = 1
Smoothing = false
Tiling = false

[SObj0062]
Name = LUndergroundSTS
Position = (-224, -480, 0)
Scale = (1, 1, 1)
Rotation = 0
Color = (1, 1, 1)
Alpha = 1
Smoothing = false
Tiling = false

[SObj0063]
Name = MushNPCHideOnSightReorient
Position = (335, -881, 0)
Scale = (-1, 1, 1)
Rotation = 0
Color = (1, 1, 1)
Alpha = 1
Smoothing = false
Tiling = false

[SObj0022]
Name = MushNPCOnSightReorient
Position = (587, -656, 0)
Scale = (-1, 1, 1)
Rotation = 0
Color = (1, 1, 1)
Alpha = 1
Smoothing = false
Tiling = false

[SObj0028]
Name = MushNPCPatrolOnSightReorient
Position = (-260, -689, 0)
Scale = (1, 1, 1)
Rotation = 0
Color = (1, 1, 1)
Alpha = 1
Smoothing = false
Tiling = false

[SObj0035]
Name = MushNPCOnSightReorient
Position = (113, -529, 0)
Scale = (1, 1, 1)
Rotation = 0
Color = (1, 1, 1)
Alpha = 1
Smoothing = false
Tiling = false

[SObj0064]
Name = DWallSTS
Position = (128, -192, 0)
Scale = (1, 6, 1)
Rotation = 0
Color = (1, 1, 1)
Alpha = 1
Smoothing = false
Tiling = true

[SObj0065]
Name = DWallSTS
Position = (768, -192, 0)
Scale = (1, 1, 1)
Rotation = 0
Color = (1, 1, 1)
Alpha = 1
Smoothing = false
Tiling = false

[SObj0066]
Name = MushNPCPatrolOnSightReorient
Position = (368, -16, 0)
Scale = (1, 1, 1)
Rotation = 0
Color = (1, 1, 1)
Alpha = 1
Smoothing = false
Tiling = false

[SObj0067]
Name = MushNPCOnSightReorient
Position = (787, -209, 0)
Scale = (1, 1, 1)
Rotation = 0
Color = (1, 1, 1)
Alpha = 1
Smoothing = false
Tiling = false

[SObj0068]
Name = MushNPCPatrolOnSightReorient
Position = (1043, -177, 0)
Scale = (1, 1, 1)
Rotation = 0
Color = (1, 1, 1)
Alpha = 1
Smoothing = false
Tiling = false

[SObj0069]
Name = NPCVisionWall
Position = (448, -32, 0)
Scale = (1, 1, 1)
Rotation = 0
Color = (1, 1, 1)
Alpha = 1
Smoothing = false
Tiling = false

[SObj0070]
Name = 2x1STS
Position = (-160, -288, 0)
Scale = (3, 1, 1)
Rotation = 0
Color = (1, 1, 1)
Alpha = 1
Smoothing = false
Tiling = true

[SObj0071]
Name = MushNPCOnSightReorient
Position = (-105, -304, 0)
Scale = (-1, 1, 1)
Rotation = 0
Color = (1, 1, 1)
Alpha = 1
Smoothing = false
Tiling = false

[SObj0072]
Name = LCornerSTS
Position = (-192, -288, 0)
Scale = (1, 1, 1)
Rotation = 0
Color = (1, 1, 1)
Alpha = 1
Smoothing = false
Tiling = false

[SObj0073]
Name = RCornerSTS
Position = (32, -288, 0)
Scale = (1, 1, 1)
Rotation = 0
Color = (1, 1, 1)
Alpha = 1
Smoothing = false
Tiling = false

[SObj0074]
Name = NPCVisionWall
Position = (32, -384, 0)
Scale = (1, 3, 1)
Rotation = 0
Color = (1, 1, 1)
Alpha = 1
Smoothing = false
Tiling = false

[SObj0075]
Name = NPCVisionWall
Position = (672, -736, 0)
Scale = (1, 3, 1)
Rotation = 0
Color = (1, 1, 1)
Alpha = 1
Smoothing = false
Tiling = false

[SObj0076]
Name = SnowyTree4
Position = (687, -639, 0)
Scale = (1, 1, 1)
Rotation = 0
Color = (1, 1, 1)
Alpha = 1
Smoothing = false
Tiling = false

[SObj0078]
Name = StoneHouse1
Position = (-346, 1, 0)
Scale = (1, 1, 1)
Rotation = 0
Color = (1, 1, 1)
Alpha = 1
Smoothing = false
Tiling = false

[SObj0079]
Name = RuralStatue7
Position = (87, 4, 0)
Scale = (1, 1, 1)
Rotation = 0
Color = (1, 1, 1)
Alpha = 1
Smoothing = false
Tiling = false

[SObj0080]
Name = SnowyTree3
Position = (-88, 4, 2)
Scale = (1, 1, 1)
Rotation = 0
Color = (1, 1, 1)
Alpha = 1
Smoothing = false
Tiling = false

[SObj0081]
Name = SnowyTree5
Position = (13, 4, 3)
Scale = (1, 1, 1)
Rotation = 0
Color = (1, 1, 1)
Alpha = 1
Smoothing = false
Tiling = false

[SObj0082]
Name = SnowyTree6
Position = (262, 2, 2)
Scale = (1, 1, 1)
Rotation = 0
Color = (1, 1, 1)
Alpha = 1
Smoothing = false
Tiling = false

[SObj0083]
Name = RuralStatue4
Position = (145, -195, 0)
Scale = (1, 1, 1)
Rotation = 0
Color = (1, 1, 1)
Alpha = 1
Smoothing = false
Tiling = false

[SObj0084]
Name = SnowyTree4
Position = (-35, -510, 2)
Scale = (1, 1, 1)
Rotation = 0
Color = (1, 1, 1)
Alpha = 1
Smoothing = false
Tiling = false

[SObj0085]
Name = SnowyTree4
Position = (222, -509, 2)
Scale = (1, 1, 1)
Rotation = 0
Color = (1, 1, 1)
Alpha = 1
Smoothing = false
Tiling = false

[SObj0086]
Name = SnowyTree4
Position = (257, -508, 2)
Scale = (1, 1, 1)
Rotation = 0
Color = (1, 1, 1)
Alpha = 1
Smoothing = false
Tiling = false

[SObj0087]
Name = SnowyTree4
Position = (176, -508, 2)
Scale = (1, 1, 1)
Rotation = 0
Color = (1, 1, 1)
Alpha = 1
Smoothing = false
Tiling = false

[SObj0091]
Name = SnowyTree4
Position = (351, -508, 2)
Scale = (1, 1, 1)
Rotation = 0
Color = (1, 1, 1)
Alpha = 1
Smoothing = false
Tiling = false

[SObj0092]
Name = SnowyTree4
Position = (372, -508, 2)
Scale = (1, 1, 1)
Rotation = 0
Color = (1, 1, 1)
Alpha = 1
Smoothing = false
Tiling = false

[SObj0093]
Name = SnowyTree2
Position = (225, -510, 1)
Scale = (1, 1, 1)
Rotation = 0
Color = (1, 1, 1)
Alpha = 1
Smoothing = false
Tiling = false

[SObj0094]
Name = SnowyTree2
Position = (561, -511, 1)
Scale = (1, 1, 1)
Rotation = 0
Color = (1, 1, 1)
Alpha = 1
Smoothing = false
Tiling = false

[SObj0095]
Name = SnowyTree2
Position = (642, -509, 1)
Scale = (1, 1, 1)
Rotation = 0
Color = (1, 1, 1)
Alpha = 1
Smoothing = false
Tiling = false

[SObj0096]
Name = SnowyTree2
Position = (484, -510, 0)
Scale = (1, 1, 1)
Rotation = 0
Color = (1, 1, 1)
Alpha = 1
Smoothing = false
Tiling = false

[SObj0097]
Name = SnowyTree2
Position = (14, -511, 0)
Scale = (1, 1, 1)
Rotation = 0
Color = (1, 1, 1)
Alpha = 1
Smoothing = false
Tiling = false

[SObj0099]
Name = SnowyTree1
Position = (407, -511, 1)
Scale = (1, 1, 1)
Rotation = 0
Color = (1, 1, 1)
Alpha = 1
Smoothing = false
Tiling = false

[SObj0100]
Name = RuralHouse6
Position = (292, -512, 2)
Scale = (1, 1, 1)
Rotation = 0
Color = (1, 1, 1)
Alpha = 1
Smoothing = false
Tiling = false

[SObj0088]
Name = SnowyTree3
Position = (64, -508, 1)
Scale = (1, 1, 1)
Rotation = 0
Color = (1, 1, 1)
Alpha = 1
Smoothing = false
Tiling = false

[SObj0089]
Name = SnowyTree5
Position = (132, -509, 1)
Scale = (1, 1, 1)
Rotation = 0
Color = (1, 1, 1)
Alpha = 1
Smoothing = false
Tiling = false

[SObj0090]
Name = SnowyTree5
Position = (267, -511, 0)
Scale = (1, 1, 1)
Rotation = 0
Color = (1, 1, 1)
Alpha = 1
Smoothing = false
Tiling = false

[SObj0098]
Name = SnowyTree6
Position = (-211, -863, 0)
Scale = (1, 1, 1)
Rotation = 0
Color = (1, 1, 1)
Alpha = 1
Smoothing = false
Tiling = false

[SObj0101]
Name = SnowyTree7
Position = (428, -862, 0)
Scale = (1, 1, 1)
Rotation = 0
Color = (1, 1, 1)
Alpha = 1
Smoothing = false
Tiling = false

[SObj0102]
Name = SnowyTree8
Position = (400, -861, 0)
Scale = (1, 1, 1)
Rotation = 0
Color = (1, 1, 1)
Alpha = 1
Smoothing = false
Tiling = false

[SObj0103]
Name = SnowyTree5
Position = (-292, -670, 0)
Scale = (1, 1, 1)
Rotation = 0
Color = (1, 1, 1)
Alpha = 1
Smoothing = false
Tiling = false

[SObj0104]
Name = RuralStatue4
Position = (-7, -514, 0)
Scale = (1, 1, 1)
Rotation = 0
Color = (1, 1, 1)
Alpha = 1
Smoothing = false
Tiling = false

[SObj0105]
Name = RuralStatue5
Position = (454, -510, 1)
Scale = (1, 1, 1)
Rotation = 0
Color = (1, 1, 1)
Alpha = 1
Smoothing = false
Tiling = false

[SObj0106]
Name = RuralStatue6
Position = (351, -508, 1)
Scale = (1, 1, 1)
Rotation = 0
Color = (1, 1, 1)
Alpha = 1
Smoothing = false
Tiling = false

[SObj0107]
Name = RuralStatue7
Position = (99, -506, 2)
Scale = (1, 1, 1)
Rotation = 0
Color = (1, 1, 1)
Alpha = 1
Smoothing = false
Tiling = false

[SObj0108]
Name = SnowyTree5
Position = (1147, -159, 0)
Scale = (1, 1, 1)
Rotation = 0
Color = (1, 1, 1)
Alpha = 1
Smoothing = false
Tiling = false

[SObj0109]
Name = SnowyTree4
Position = (1204, -156, 1)
Scale = (1, 1, 1)
Rotation = 0
Color = (1, 1, 1)
Alpha = 1
Smoothing = false
Tiling = false

[SObj0110]
Name = SnowyTree4
Position = (1177, -157, 1)
Scale = (1, 1, 1)
Rotation = 0
Color = (1, 1, 1)
Alpha = 1
Smoothing = false
Tiling = false

[SObj0111]
Name = SnowyTree4
Position = (1243, -157, 1)
Scale = (1, 1, 1)
Rotation = 0
Color = (1, 1, 1)
Alpha = 1
Smoothing = false
Tiling = false

[SObj0112]
Name = SnowyTree7
Position = (1399, -157, 1)
Scale = (1, 1, 1)
Rotation = 0
Color = (1, 1, 1)
Alpha = 1
Smoothing = false
Tiling = false

[SObj0113]
Name = SnowyTree8
Position = (1561, -157, 0)
Scale = (1, 1, 1)
Rotation = 0
Color = (1, 1, 1)
Alpha = 1
Smoothing = false
Tiling = false

[SObj0114]
Name = RuralHouse3
Position = (1337, -156, 1)
Scale = (1, 1, 1)
Rotation = 0
Color = (1, 1, 1)
Alpha = 1
Smoothing = false
Tiling = false

[SObj0115]
Name = RuralHouse4
Position = (1495, -162, 1)
Scale = (1, 1, 1)
Rotation = 0
Color = (1, 1, 1)
Alpha = 1
Smoothing = false
Tiling = false

[SObj0116]
Name = StoneHouse4
Position = (1368, -350, 1)
Scale = (1, 1, 1)
Rotation = 0
Color = (1, 1, 1)
Alpha = 1
Smoothing = false
Tiling = false

[SObj0117]
Name = RuralStatue4
Position = (1411, -353, 0)
Scale = (1, 1, 1)
Rotation = 0
Color = (1, 1, 1)
Alpha = 1
Smoothing = false
Tiling = false

[SObj0118]
Name = RuralStatue1
Position = (1344, -349, 1)
Scale = (1, 1, 1)
Rotation = 0
Color = (1, 1, 1)
Alpha = 1
Smoothing = false
Tiling = false

[SObj0119]
Name = SnowyTree2
Position = (1488, -350, 0)
Scale = (1, 1, 1)
Rotation = 0
Color = (1, 1, 1)
Alpha = 1
Smoothing = false
Tiling = false

[SObj0120]
Name = SnowyTree2
Position = (1253, -349, 0)
Scale = (1, 1, 1)
Rotation = 0
Color = (1, 1, 1)
Alpha = 1
Smoothing = false
Tiling = false

[SObj0121]
Name = SnowyTree3
Position = (1331, -351, 1)
Scale = (1, 1, 1)
Rotation = 0
Color = (1, 1, 1)
Alpha = 1
Smoothing = false
Tiling = false

[SObj0122]
Name = MushroomSoldierSpecial
Position = (-279, -16, 0)
Scale = (1, 1, 1)
Rotation = 0
Color = (1, 1, 1)
Alpha = 1
Smoothing = false
Tiling = false

[SObj0123]
Name = SnowyTree5
Position = (46, -286, 0)
Scale = (1, 1, 1)
Rotation = 0
Color = (1, 1, 1)
Alpha = 1
Smoothing = false
Tiling = false

[SObj0045]
Name = SnowyTree2
Position = (459, 1, 0)
Scale = (1, 1, 1)
Rotation = 0
Color = (1, 1, 1)
Alpha = 1
Smoothing = false
Tiling = false

